BGICMODBC1			= 285A, L: SAIMAZOOM
BGICMODBC2			= 285C, L: SAIMAZOOM
BIT0_SKIP			= 30B4, L: CPC_UPDSCR
BIT1_SKIP			= 30BE, L: CPC_UPDSCR
BIT2_SKIP			= 30C8, L: CPC_UPDSCR
BIT3_SKIP			= 30D2, L: CPC_UPDSCR
BIT4_SKIP			= 30DC, L: CPC_UPDSCR
BIT5_SKIP			= 30E6, L: CPC_UPDSCR
BIT6_SKIP			= 30F0, L: CPC_UPDSCR
BIT7_SKIP			= 30FA, L: CPC_UPDSCR
BO_L1				= 20FC, L: SAIMAZOOM
BUCLE_CPC_SHOWTOUCHEDTILES	= 2FDC, L: CPC_SHOWTOUCHEDTILES
CANAL_A				= 2BC3, L: SAIMAZOOM
CANAL_B				= 2BC5, L: SAIMAZOOM
CANAL_C				= 2BC7, L: SAIMAZOOM
CANAL_P				= 2BF1, L: SAIMAZOOM
CARGA_CANCION			= 27A4, L: SAIMAZOOM
CHECKBIT			= 301E, L: CPC_SHOWTOUCHEDTILES
CHECKBIT_DONE			= 307A, L: CPC_SHOWTOUCHEDTILES
CLEAR_PSG_BUFFER		= 2785, L: SAIMAZOOM
COMANDOS			= 2960, L: SAIMAZOOM
COM_EFECTO			= 29A5, L: SAIMAZOOM
COM_ENVOLVENTE			= 29B5, L: SAIMAZOOM
CONT_ENV			= 2B6D, L: SAIMAZOOM
COPYCELL_DONE			= 3078, L: CPC_SHOWTOUCHEDTILES
COPYTILE			= 3021, L: CPC_SHOWTOUCHEDTILES
CPC_BIT2MASK			= 2F58, G: CPC_BIT2MASK
CPC_BITLEFT2MASK		= 2EC9, G: CPC_BITLEFT2MASK
CPC_BITRIGHT2MASK		= 2ED1, G: CPC_BITRIGHT2MASK
CPC_INVALIDATERECT		= 2E69, G: CPC_INVALIDATERECT
CPC_INVALIDATERECT_P		= 2E71, L: CPC_INVALIDATERECT
CPC_PUTSPTILEMAP12X24CA		= 2ED9, G: CPC_PUTSPTILEMAP12X24CA
CPC_PUTTRSP12X24TILEMAP2BGCA	= 2F67, G: CPC_PUTTRSP12X24TILEMAP2BGCA
CPC_RESETTOUCHEDTILES		= 2FA9, G: CPC_RESETTOUCHEDTILES
CPC_SETCOLOUR			= 2FB7, G: CPC_SETCOLOUR
CPC_SETMODE			= 2FCA, G: CPC_SETMODE
CPC_SHOWTOUCHEDTILES		= 2FD4, G: CPC_SHOWTOUCHEDTILES
CPC_TBLLOOKUP			= 2F60, G: CPC_TBLLOOKUP
CPC_UPDSCR			= 307E, G: CPC_UPDSCR
CPC_UPDTILETABLE		= 2F39, G: CPC_UPDTILETABLE
CPC_UPDTILETABLECLP		= 2F2B, G: CPC_UPDTILETABLE
CPC_UPDTILETABLESAIMAZOOM	= 2F1B, G: CPC_UPDTILETABLE
CRTBC0				= 2B77, L: SAIMAZOOM
DATOS_NOTAS			= 2C2A, L: SAIMAZOOM
DCBC0				= 28D7, L: SAIMAZOOM
DECODE_CANAL			= 2874, L: SAIMAZOOM
DECODE_SONG			= 27AD, L: SAIMAZOOM
DEPACK				= 2093, L: SAIMAZOOM
DML_NOINCY			= 21F7, L: SAIMAZOOM
DO_UPDATE			= 2EF3, L: CPC_PUTSPTILEMAP12X24CA
DRAW_MAP_LOOP			= 21CC, L: SAIMAZOOM
DRAW_TILE_DIRECT		= 2183, L: SAIMAZOOM
DZX0S_COPY			= 20A5, L: SAIMAZOOM
DZX0S_ELIAS			= 20C8, L: SAIMAZOOM
DZX0S_ELIAS_BACKTRACK		= 20D0, L: SAIMAZOOM
DZX0S_ELIAS_LOOP		= 20C9, L: SAIMAZOOM
DZX0S_ELIAS_SKIP		= 20CF, L: SAIMAZOOM
DZX0S_LITERALS			= 209A, L: SAIMAZOOM
DZX0S_NEW_OFFSET		= 20AF, L: SAIMAZOOM
DZX0_STANDARD			= 2093, L: SAIMAZOOM
EFECTO0				= 2279, L: SAIMAZOOM
EFECTO1				= 231C, L: SAIMAZOOM
EFECTO10			= 2412, L: SAIMAZOOM
EFECTO11			= 2431, L: SAIMAZOOM
EFECTO12			= 2450, L: SAIMAZOOM
EFECTO2				= 2338, L: SAIMAZOOM
EFECTO3				= 2348, L: SAIMAZOOM
EFECTO4				= 2358, L: SAIMAZOOM
EFECTO5				= 2368, L: SAIMAZOOM
EFECTO6				= 2387, L: SAIMAZOOM
EFECTO7				= 23A6, L: SAIMAZOOM
EFECTO8				= 23C5, L: SAIMAZOOM
EFECTO9				= 23D5, L: SAIMAZOOM
EFECTO_REGS			= 2C04, L: SAIMAZOOM
ENVOLVENTE			= 2C28, L: SAIMAZOOM
ENVOLVENTE_BACK			= 2C29, L: SAIMAZOOM
EVOLVENTES			= 2B4A, L: SAIMAZOOM
EXT_WORD			= 2B95, L: SAIMAZOOM
FCA_CONT			= 29FF, L: SAIMAZOOM
FIN				= 2F1A, L: CPC_PUTSPTILEMAP12X24CA
FIN_CANAL_A			= 29F4, L: SAIMAZOOM
FIN_CANAL_P			= 2A86, L: SAIMAZOOM
FIN_DEC_CANAL			= 28C5, L: SAIMAZOOM
FIN_NOPLAYER			= 273E, L: SAIMAZOOM
FIN_NOTA_A			= 29D4, L: SAIMAZOOM
FIN_NOTA_P			= 2A6E, L: SAIMAZOOM
FIN_RUTINA			= 2A4D, L: SAIMAZOOM
FIN_SONIDO			= 2735, L: SAIMAZOOM
FRECUENCIA_OFF			= 2B64, L: SAIMAZOOM
GETLEN				= 28CA, L: SAIMAZOOM
INICIA_EFECTO			= 2680, L: SAIMAZOOM
INICIA_SONIDO			= 2670, L: SAIMAZOOM
INICIO				= 2659, L: SAIMAZOOM
INIT_DECODER			= 2815, L: SAIMAZOOM
INTERR				= 2BB9, L: SAIMAZOOM
INVCOLLP			= 2E9B, L: CPC_INVALIDATERECT
INVFULLCHAR			= 2EAE, L: CPC_INVALIDATERECT
INVROWLP			= 2EB0, L: CPC_INVALIDATERECT
ISR_C1				= 2D0F, L: SAIMAZOOM
ISR_C2				= 2D10, L: SAIMAZOOM
ISR_DONE			= 2D11, L: SAIMAZOOM
I_12				= 2122, L: SAIMAZOOM
I_13				= 2150, L: SAIMAZOOM
I_14				= 2239, L: SAIMAZOOM
I_15				= 2272, L: SAIMAZOOM
I_16				= 2DD6, L: SAIMAZOOM
I_17				= 2E0E, L: SAIMAZOOM
I_18				= 2DDB, L: SAIMAZOOM
I_19				= 2E3B, L: SAIMAZOOM
I_20				= 2E46, L: SAIMAZOOM
LEJP0				= 2A65, L: SAIMAZOOM
LNJP0				= 29CA, L: SAIMAZOOM
LOCALIZA_EFECTO			= 2A4E, L: SAIMAZOOM
LOCALIZA_NOTA			= 2953, L: SAIMAZOOM
LOOP_ALTO_MAP_SBUFFER		= 2F88, L: CPC_PUTTRSP12X24TILEMAP2BGCA
LOUT				= 2752, L: SAIMAZOOM
L_AND				= 314D, G: L_AND
L_ASR_U				= 3154, G: L_ASR_U
L_ASR_U_1			= 3155, L: L_ASR_U
L_GINT				= 315E, G: L_GINT
MAIN_LOOP			= 308C, L: CPC_UPDSCR
NOINC				= 2F65, L: CPC_TBLLOOKUP
NOINC1				= 2E97, L: CPC_INVALIDATERECT
NOINC2				= 2EAA, L: CPC_INVALIDATERECT
NOINC3				= 2EBB, L: CPC_INVALIDATERECT
NOINCD				= 301A, L: CPC_SHOWTOUCHEDTILES
NOTA				= 2B35, L: SAIMAZOOM
NO_BACKUP_ENVOLVENTE		= 274F, L: SAIMAZOOM
NO_DEC_TEMPO			= 2972, L: SAIMAZOOM
NO_ENVOLVENTE			= 28AD, L: SAIMAZOOM
NO_ENVOLVENTES_SONIDO		= 271B, L: SAIMAZOOM
NO_FIN_CANAL_A			= 2A0D, L: SAIMAZOOM
NO_FIN_CANAL_P			= 2A8E, L: SAIMAZOOM
NO_INC_TEMPO			= 2977, L: SAIMAZOOM
NO_INSTRUMENTO			= 28A0, L: SAIMAZOOM
NO_MODIFICA			= 28BA, L: SAIMAZOOM
NO_PUNTILLO			= 288D, L: SAIMAZOOM
NO_RUIDO			= 2728, L: SAIMAZOOM
NO_SILENCIO			= 2883, L: SAIMAZOOM
NO_SILENCIO_A			= 2A3B, L: SAIMAZOOM
NPTJP0				= 27C9, L: SAIMAZOOM
N_SONIDO			= 2C01, L: SAIMAZOOM
ORIGIN_NEXT_ROW			= 2EFF, L: CPC_PUTSPTILEMAP12X24CA
ORIGIN_NEXT_ROW2		= 2F0D, L: CPC_PUTSPTILEMAP12X24CA
ORNMJP1				= 2B1F, L: SAIMAZOOM
ORNNEG				= 2B01, L: SAIMAZOOM
PASA_BLOQUE_A_SBUFFER		= 2F74, L: CPC_PUTTRSP12X24TILEMAP2BGCA
PAUTA				= 2A95, L: SAIMAZOOM
PAUTAS				= 2929, L: SAIMAZOOM
PAUTA_0				= 2483, L: SAIMAZOOM
PAUTA_1				= 248E, L: SAIMAZOOM
PAUTA_2				= 24A1, L: SAIMAZOOM
PAUTA_3				= 24B6, L: SAIMAZOOM
PAUTA_4				= 24DD, L: SAIMAZOOM
PAUTA_5				= 24E8, L: SAIMAZOOM
PCAJP0				= 2AB5, L: SAIMAZOOM
PCAJP1				= 2ACC, L: SAIMAZOOM
PCAJP2				= 2AE1, L: SAIMAZOOM
PCAJP3				= 2B03, L: SAIMAZOOM
PCAJP4				= 2AA1, L: SAIMAZOOM
PCAJP5				= 2B27, L: SAIMAZOOM
PCAJP6				= 2B13, L: SAIMAZOOM
PCAJP7				= 2B31, L: SAIMAZOOM
PLAY				= 28DD, L: SAIMAZOOM
PLAYER_OFF			= 2781, L: SAIMAZOOM
POSICIONAR_PANTALLA		= 302C, L: CPC_SHOWTOUCHEDTILES
POSICIONAR_SUPERBUFFER		= 3023, L: CPC_SHOWTOUCHEDTILES
POSICIONES_PANTALLA		= 0406, G: TILEMAPCONF
POSICIONES_SUPER_BUFFER		= 0436, G: TILEMAPCONF
PROCESS				= 2FE6, L: CPC_SHOWTOUCHEDTILES
PROCESS_TOUCHED_BYTE		= 30A3, L: CPC_UPDSCR
PSG_REG				= 2C08, L: SAIMAZOOM
PSG_REG_SEC			= 2C18, L: SAIMAZOOM
PUNTERO_A			= 2BBD, L: SAIMAZOOM
PUNTERO_B			= 2BBF, L: SAIMAZOOM
PUNTERO_C			= 2BC1, L: SAIMAZOOM
PUNTERO_DECA			= 2BDB, L: SAIMAZOOM
PUNTERO_DECB			= 2BDD, L: SAIMAZOOM
PUNTERO_DECC			= 2BDF, L: SAIMAZOOM
PUNTERO_DECP			= 2BF5, L: SAIMAZOOM
PUNTERO_EFECTO			= 2BE1, L: SAIMAZOOM
PUNTERO_L_DECA			= 2BE9, L: SAIMAZOOM
PUNTERO_L_DECB			= 2BEB, L: SAIMAZOOM
PUNTERO_L_DECC			= 2BED, L: SAIMAZOOM
PUNTERO_L_DECP			= 2BF7, L: SAIMAZOOM
PUNTERO_P			= 2BEF, L: SAIMAZOOM
PUNTERO_P_A			= 2BC9, L: SAIMAZOOM
PUNTERO_P_A0			= 2BCF, L: SAIMAZOOM
PUNTERO_P_B			= 2BCB, L: SAIMAZOOM
PUNTERO_P_B0			= 2BD1, L: SAIMAZOOM
PUNTERO_P_C			= 2BCD, L: SAIMAZOOM
PUNTERO_P_C0			= 2BD3, L: SAIMAZOOM
PUNTERO_P_DECA			= 2BD5, L: SAIMAZOOM
PUNTERO_P_DECB			= 2BD7, L: SAIMAZOOM
PUNTERO_P_DECC			= 2BD9, L: SAIMAZOOM
PUNTERO_P_DECP			= 2BF3, L: SAIMAZOOM
PUNTERO_SONIDO			= 2C02, L: SAIMAZOOM
REG_NOTA_A			= 2BE3, L: SAIMAZOOM
REG_NOTA_B			= 2BE5, L: SAIMAZOOM
REG_NOTA_C			= 2BE7, L: SAIMAZOOM
REPRODUCE_EFECTO		= 26BA, L: SAIMAZOOM
REPRODUCE_EFECTO_LIMPIA_BIT	= 26D3, L: SAIMAZOOM
REPRODUCE_SONIDO		= 269B, L: SAIMAZOOM
REPRODUCE_SONIDO_LIMPIA_BIT	= 26B4, L: SAIMAZOOM
REPRODUCE_SONIDO_O_EFECTO	= 26D9, L: SAIMAZOOM
ROUT				= 2745, L: SAIMAZOOM
SELECT_CANAL_A			= 2BA4, L: SAIMAZOOM
SELECT_CANAL_B			= 2BAB, L: SAIMAZOOM
SELECT_CANAL_C			= 2BB2, L: SAIMAZOOM
SFX_H				= 2BFB, L: SAIMAZOOM
SFX_L				= 2BF9, L: SAIMAZOOM
SFX_MIX				= 2BFF, L: SAIMAZOOM
SFX_V				= 2BFD, L: SAIMAZOOM
SILENCIO_ENVOLVENTE		= 2A28, L: SAIMAZOOM
SI_RUIDO			= 272E, L: SAIMAZOOM
SKEEP				= 3149, L: CPC_UPDSCR
SKIPALL				= 3012, L: CPC_SHOWTOUCHEDTILES
SONG				= 2BBA, L: SAIMAZOOM
SONIDO0				= 24F5, L: SAIMAZOOM
SONIDO1				= 24FC, L: SAIMAZOOM
SONIDO2				= 2503, L: SAIMAZOOM
SONIDO3				= 250A, L: SAIMAZOOM
SONIDO_REGS			= 2C06, L: SAIMAZOOM
SPRITE_CREATION			= 2D49, L: SAIMAZOOM
SP_BUFFER_MASK			= 2F85, L: CPC_PUTTRSP12X24TILEMAP2BGCA
SP_SW_INIT_TURNOFF_LOOP		= 2DB4, L: SAIMAZOOM
START				= 0400, L: CPC_CRT0
TABLA_DATOS_CANAL_SFX		= 2B9E, L: SAIMAZOOM
TABLA_EFECTOS			= 2CA8, L: SAIMAZOOM
TABLA_NOTAS			= 2B3D, L: SAIMAZOOM
TABLA_PAUTAS			= 246F, L: SAIMAZOOM
TABLA_SONG			= 2CA6, L: SAIMAZOOM
TABLA_SONIDOS			= 247B, L: SAIMAZOOM
TEMPO				= 2BBB, L: SAIMAZOOM
TILEMAPCONF			= 0406, G: TILEMAPCONF
TILES				= 1074, G: SAIMAZOOM
TRANSFERIR_MAP_SBUFFER_GREY	= 310C, L: CPC_UPDSCR
TRANSFERIR_SPRITE		= 2F74, L: CPC_PUTTRSP12X24TILEMAP2BGCA
TRANSF_BLOQUE_SB_PANTALLA	= 303A, L: CPC_SHOWTOUCHEDTILES
TTEMPO				= 2BBC, L: SAIMAZOOM
UCOPYTILE			= 30FE, L: CPC_UPDSCR
VOL_INST_A			= 2BE4, L: SAIMAZOOM
VOL_INST_B			= 2BE6, L: SAIMAZOOM
VOL_INST_C			= 2BE8, L: SAIMAZOOM
WRITEPSGHL			= 276A, L: SAIMAZOOM
WYZPLAYER_INIT			= 2640, L: SAIMAZOOM
WYZ_PLAYER_ISR			= 2659, L: SAIMAZOOM
_00_TITLE_MUS_BIN		= 2514, L: SAIMAZOOM
_01_INGAME_MUS_BIN		= 2583, L: SAIMAZOOM
_BLACKOUT			= 20F3, G: SAIMAZOOM
_CPC_BORDER			= 2112, G: SAIMAZOOM
_CPC_SCREEN_UPDATE_DONE		= 2272, L: SAIMAZOOM
_CPC_SCREEN_UPDATE_INV_LOOP	= 2210, L: SAIMAZOOM
_CPC_SCREEN_UPDATE_INV_RET	= 2232, L: SAIMAZOOM
_CPC_SCREEN_UPDATE_UPD_BUFFER	= 2239, L: SAIMAZOOM
_CPC_SCREEN_UPDATE_UPD_LOOP	= 224A, L: SAIMAZOOM
_CPC_SCREEN_UPDATE_UPD_RET	= 226D, L: SAIMAZOOM
_CPC_UPDATENOW			= 2202, G: SAIMAZOOM
_DRAW_MAP			= 21B3, G: SAIMAZOOM
_DRAW_TILE			= 2170, G: SAIMAZOOM
_DX				= 0466, G: SAIMAZOOM
_DY				= 046A, G: SAIMAZOOM
_EATTEMPTS			= 2E50, G: SAIMAZOOM
_ECT				= 2E57, G: SAIMAZOOM
_EDIRECTION			= 2E48, G: SAIMAZOOM
_EMX				= 2E58, G: SAIMAZOOM
_EMY				= 2E59, G: SAIMAZOOM
_ESTATE				= 2E53, G: SAIMAZOOM
_ETX				= 2E5D, G: SAIMAZOOM
_ETY				= 2E5E, G: SAIMAZOOM
_EX				= 2E4C, G: SAIMAZOOM
_EY				= 2E4D, G: SAIMAZOOM
_GPIT				= 2E54, G: SAIMAZOOM
_INIT				= 2CC2, G: SAIMAZOOM
_INVALIDATE_VIEWPORT		= 2151, G: SAIMAZOOM
_ISR				= 2CE1, L: SAIMAZOOM
_ISR_PLAYER_ON			= 2E47, G: SAIMAZOOM
_MAIN				= 2DC9, G: SAIMAZOOM
_MAP				= 2092, G: SAIMAZOOM
_MY_INKS			= 0484, G: SAIMAZOOM
_NAMETABLE_ADDRESS		= 215D, G: SAIMAZOOM
_N_PANT				= 2E51, G: SAIMAZOOM
_PAL_SET			= 211B, G: SAIMAZOOM
_PATTERN_LINE_CT		= 2E55, G: SAIMAZOOM
_PCT				= 2E5F, G: SAIMAZOOM
_PDIRECTION			= 2E56, G: SAIMAZOOM
_PLAYING			= 2E52, G: SAIMAZOOM
_PMX				= 2E60, G: SAIMAZOOM
_PMY				= 2E61, G: SAIMAZOOM
_PSTATE				= 2E66, G: SAIMAZOOM
_PTX				= 2E62, G: SAIMAZOOM
_PTY				= 2E63, G: SAIMAZOOM
_PX				= 2E4E, G: SAIMAZOOM
_PY				= 2E4F, G: SAIMAZOOM
_RAM_ADDRESS			= 2E67, G: SAIMAZOOM
_RAM_DESTINATION		= 2E64, G: SAIMAZOOM
_RDA				= 2E5A, G: SAIMAZOOM
_RDB				= 2E5B, G: SAIMAZOOM
_RDC				= 2E5C, G: SAIMAZOOM
_SKIP_AY_PLAYER			= 2D09, L: SAIMAZOOM
_SM_COX				= 0FD4, G: SAIMAZOOM
_SM_COY				= 0FE8, G: SAIMAZOOM
_SM_INVFUNC			= 0FFC, G: SAIMAZOOM
_SM_SPRPTR			= 104C, G: SAIMAZOOM
_SM_UPDFUNC			= 1024, G: SAIMAZOOM
_SPRITES			= 0494, G: SAIMAZOOM
_TILESET			= 1074, G: SAIMAZOOM
_TILES_TOCADOS_PTR		= 30A1, L: CPC_UPDSCR
_TILE_BEHS			= 046E, G: SAIMAZOOM
_TMAPS				= 1F84, L: SAIMAZOOM
_UNPACK				= 20D7, G: SAIMAZOOM
_WYZ_INIT			= 260C, G: SAIMAZOOM
_WYZ_PLAY_MUSIC			= 2617, G: SAIMAZOOM
_WYZ_PLAY_SOUND			= 2631, G: SAIMAZOOM
_WYZ_SONGS			= 2608, G: SAIMAZOOM
_WYZ_STOP_SOUND			= 2638, G: SAIMAZOOM
__T				= 2E49, G: SAIMAZOOM
__X				= 2E4A, G: SAIMAZOOM
__Y				= 2E4B, G: SAIMAZOOM


START				= 0400, L: CPC_CRT0
TILEMAPCONF			= 0406, G: TILEMAPCONF
POSICIONES_PANTALLA		= 0406, G: TILEMAPCONF
POSICIONES_SUPER_BUFFER		= 0436, G: TILEMAPCONF
_DX				= 0466, G: SAIMAZOOM
_DY				= 046A, G: SAIMAZOOM
_TILE_BEHS			= 046E, G: SAIMAZOOM
_MY_INKS			= 0484, G: SAIMAZOOM
_SPRITES			= 0494, G: SAIMAZOOM
_SM_COX				= 0FD4, G: SAIMAZOOM
_SM_COY				= 0FE8, G: SAIMAZOOM
_SM_INVFUNC			= 0FFC, G: SAIMAZOOM
_SM_UPDFUNC			= 1024, G: SAIMAZOOM
_SM_SPRPTR			= 104C, G: SAIMAZOOM
_TILESET			= 1074, G: SAIMAZOOM
TILES				= 1074, G: SAIMAZOOM
_TMAPS				= 1F84, L: SAIMAZOOM
_MAP				= 2092, G: SAIMAZOOM
DZX0_STANDARD			= 2093, L: SAIMAZOOM
DEPACK				= 2093, L: SAIMAZOOM
DZX0S_LITERALS			= 209A, L: SAIMAZOOM
DZX0S_COPY			= 20A5, L: SAIMAZOOM
DZX0S_NEW_OFFSET		= 20AF, L: SAIMAZOOM
DZX0S_ELIAS			= 20C8, L: SAIMAZOOM
DZX0S_ELIAS_LOOP		= 20C9, L: SAIMAZOOM
DZX0S_ELIAS_SKIP		= 20CF, L: SAIMAZOOM
DZX0S_ELIAS_BACKTRACK		= 20D0, L: SAIMAZOOM
_UNPACK				= 20D7, G: SAIMAZOOM
_BLACKOUT			= 20F3, G: SAIMAZOOM
BO_L1				= 20FC, L: SAIMAZOOM
_CPC_BORDER			= 2112, G: SAIMAZOOM
_PAL_SET			= 211B, G: SAIMAZOOM
I_12				= 2122, L: SAIMAZOOM
I_13				= 2150, L: SAIMAZOOM
_INVALIDATE_VIEWPORT		= 2151, G: SAIMAZOOM
_NAMETABLE_ADDRESS		= 215D, G: SAIMAZOOM
_DRAW_TILE			= 2170, G: SAIMAZOOM
DRAW_TILE_DIRECT		= 2183, L: SAIMAZOOM
_DRAW_MAP			= 21B3, G: SAIMAZOOM
DRAW_MAP_LOOP			= 21CC, L: SAIMAZOOM
DML_NOINCY			= 21F7, L: SAIMAZOOM
_CPC_UPDATENOW			= 2202, G: SAIMAZOOM
_CPC_SCREEN_UPDATE_INV_LOOP	= 2210, L: SAIMAZOOM
_CPC_SCREEN_UPDATE_INV_RET	= 2232, L: SAIMAZOOM
_CPC_SCREEN_UPDATE_UPD_BUFFER	= 2239, L: SAIMAZOOM
I_14				= 2239, L: SAIMAZOOM
_CPC_SCREEN_UPDATE_UPD_LOOP	= 224A, L: SAIMAZOOM
_CPC_SCREEN_UPDATE_UPD_RET	= 226D, L: SAIMAZOOM
_CPC_SCREEN_UPDATE_DONE		= 2272, L: SAIMAZOOM
I_15				= 2272, L: SAIMAZOOM
EFECTO0				= 2279, L: SAIMAZOOM
EFECTO1				= 231C, L: SAIMAZOOM
EFECTO2				= 2338, L: SAIMAZOOM
EFECTO3				= 2348, L: SAIMAZOOM
EFECTO4				= 2358, L: SAIMAZOOM
EFECTO5				= 2368, L: SAIMAZOOM
EFECTO6				= 2387, L: SAIMAZOOM
EFECTO7				= 23A6, L: SAIMAZOOM
EFECTO8				= 23C5, L: SAIMAZOOM
EFECTO9				= 23D5, L: SAIMAZOOM
EFECTO10			= 2412, L: SAIMAZOOM
EFECTO11			= 2431, L: SAIMAZOOM
EFECTO12			= 2450, L: SAIMAZOOM
TABLA_PAUTAS			= 246F, L: SAIMAZOOM
TABLA_SONIDOS			= 247B, L: SAIMAZOOM
PAUTA_0				= 2483, L: SAIMAZOOM
PAUTA_1				= 248E, L: SAIMAZOOM
PAUTA_2				= 24A1, L: SAIMAZOOM
PAUTA_3				= 24B6, L: SAIMAZOOM
PAUTA_4				= 24DD, L: SAIMAZOOM
PAUTA_5				= 24E8, L: SAIMAZOOM
SONIDO0				= 24F5, L: SAIMAZOOM
SONIDO1				= 24FC, L: SAIMAZOOM
SONIDO2				= 2503, L: SAIMAZOOM
SONIDO3				= 250A, L: SAIMAZOOM
_00_TITLE_MUS_BIN		= 2514, L: SAIMAZOOM
_01_INGAME_MUS_BIN		= 2583, L: SAIMAZOOM
_WYZ_SONGS			= 2608, G: SAIMAZOOM
_WYZ_INIT			= 260C, G: SAIMAZOOM
_WYZ_PLAY_MUSIC			= 2617, G: SAIMAZOOM
_WYZ_PLAY_SOUND			= 2631, G: SAIMAZOOM
_WYZ_STOP_SOUND			= 2638, G: SAIMAZOOM
WYZPLAYER_INIT			= 2640, L: SAIMAZOOM
WYZ_PLAYER_ISR			= 2659, L: SAIMAZOOM
INICIO				= 2659, L: SAIMAZOOM
INICIA_SONIDO			= 2670, L: SAIMAZOOM
INICIA_EFECTO			= 2680, L: SAIMAZOOM
REPRODUCE_SONIDO		= 269B, L: SAIMAZOOM
REPRODUCE_SONIDO_LIMPIA_BIT	= 26B4, L: SAIMAZOOM
REPRODUCE_EFECTO		= 26BA, L: SAIMAZOOM
REPRODUCE_EFECTO_LIMPIA_BIT	= 26D3, L: SAIMAZOOM
REPRODUCE_SONIDO_O_EFECTO	= 26D9, L: SAIMAZOOM
NO_ENVOLVENTES_SONIDO		= 271B, L: SAIMAZOOM
NO_RUIDO			= 2728, L: SAIMAZOOM
SI_RUIDO			= 272E, L: SAIMAZOOM
FIN_SONIDO			= 2735, L: SAIMAZOOM
FIN_NOPLAYER			= 273E, L: SAIMAZOOM
ROUT				= 2745, L: SAIMAZOOM
NO_BACKUP_ENVOLVENTE		= 274F, L: SAIMAZOOM
LOUT				= 2752, L: SAIMAZOOM
WRITEPSGHL			= 276A, L: SAIMAZOOM
PLAYER_OFF			= 2781, L: SAIMAZOOM
CLEAR_PSG_BUFFER		= 2785, L: SAIMAZOOM
CARGA_CANCION			= 27A4, L: SAIMAZOOM
DECODE_SONG			= 27AD, L: SAIMAZOOM
NPTJP0				= 27C9, L: SAIMAZOOM
INIT_DECODER			= 2815, L: SAIMAZOOM
BGICMODBC1			= 285A, L: SAIMAZOOM
BGICMODBC2			= 285C, L: SAIMAZOOM
DECODE_CANAL			= 2874, L: SAIMAZOOM
NO_SILENCIO			= 2883, L: SAIMAZOOM
NO_PUNTILLO			= 288D, L: SAIMAZOOM
NO_INSTRUMENTO			= 28A0, L: SAIMAZOOM
NO_ENVOLVENTE			= 28AD, L: SAIMAZOOM
NO_MODIFICA			= 28BA, L: SAIMAZOOM
FIN_DEC_CANAL			= 28C5, L: SAIMAZOOM
GETLEN				= 28CA, L: SAIMAZOOM
DCBC0				= 28D7, L: SAIMAZOOM
PLAY				= 28DD, L: SAIMAZOOM
PAUTAS				= 2929, L: SAIMAZOOM
LOCALIZA_NOTA			= 2953, L: SAIMAZOOM
COMANDOS			= 2960, L: SAIMAZOOM
NO_DEC_TEMPO			= 2972, L: SAIMAZOOM
NO_INC_TEMPO			= 2977, L: SAIMAZOOM
COM_EFECTO			= 29A5, L: SAIMAZOOM
COM_ENVOLVENTE			= 29B5, L: SAIMAZOOM
LNJP0				= 29CA, L: SAIMAZOOM
FIN_NOTA_A			= 29D4, L: SAIMAZOOM
FIN_CANAL_A			= 29F4, L: SAIMAZOOM
FCA_CONT			= 29FF, L: SAIMAZOOM
NO_FIN_CANAL_A			= 2A0D, L: SAIMAZOOM
SILENCIO_ENVOLVENTE		= 2A28, L: SAIMAZOOM
NO_SILENCIO_A			= 2A3B, L: SAIMAZOOM
FIN_RUTINA			= 2A4D, L: SAIMAZOOM
LOCALIZA_EFECTO			= 2A4E, L: SAIMAZOOM
LEJP0				= 2A65, L: SAIMAZOOM
FIN_NOTA_P			= 2A6E, L: SAIMAZOOM
FIN_CANAL_P			= 2A86, L: SAIMAZOOM
NO_FIN_CANAL_P			= 2A8E, L: SAIMAZOOM
PAUTA				= 2A95, L: SAIMAZOOM
PCAJP4				= 2AA1, L: SAIMAZOOM
PCAJP0				= 2AB5, L: SAIMAZOOM
PCAJP1				= 2ACC, L: SAIMAZOOM
PCAJP2				= 2AE1, L: SAIMAZOOM
ORNNEG				= 2B01, L: SAIMAZOOM
PCAJP3				= 2B03, L: SAIMAZOOM
PCAJP6				= 2B13, L: SAIMAZOOM
ORNMJP1				= 2B1F, L: SAIMAZOOM
PCAJP5				= 2B27, L: SAIMAZOOM
PCAJP7				= 2B31, L: SAIMAZOOM
NOTA				= 2B35, L: SAIMAZOOM
TABLA_NOTAS			= 2B3D, L: SAIMAZOOM
EVOLVENTES			= 2B4A, L: SAIMAZOOM
FRECUENCIA_OFF			= 2B64, L: SAIMAZOOM
CONT_ENV			= 2B6D, L: SAIMAZOOM
CRTBC0				= 2B77, L: SAIMAZOOM
EXT_WORD			= 2B95, L: SAIMAZOOM
TABLA_DATOS_CANAL_SFX		= 2B9E, L: SAIMAZOOM
SELECT_CANAL_A			= 2BA4, L: SAIMAZOOM
SELECT_CANAL_B			= 2BAB, L: SAIMAZOOM
SELECT_CANAL_C			= 2BB2, L: SAIMAZOOM
INTERR				= 2BB9, L: SAIMAZOOM
SONG				= 2BBA, L: SAIMAZOOM
TEMPO				= 2BBB, L: SAIMAZOOM
TTEMPO				= 2BBC, L: SAIMAZOOM
PUNTERO_A			= 2BBD, L: SAIMAZOOM
PUNTERO_B			= 2BBF, L: SAIMAZOOM
PUNTERO_C			= 2BC1, L: SAIMAZOOM
CANAL_A				= 2BC3, L: SAIMAZOOM
CANAL_B				= 2BC5, L: SAIMAZOOM
CANAL_C				= 2BC7, L: SAIMAZOOM
PUNTERO_P_A			= 2BC9, L: SAIMAZOOM
PUNTERO_P_B			= 2BCB, L: SAIMAZOOM
PUNTERO_P_C			= 2BCD, L: SAIMAZOOM
PUNTERO_P_A0			= 2BCF, L: SAIMAZOOM
PUNTERO_P_B0			= 2BD1, L: SAIMAZOOM
PUNTERO_P_C0			= 2BD3, L: SAIMAZOOM
PUNTERO_P_DECA			= 2BD5, L: SAIMAZOOM
PUNTERO_P_DECB			= 2BD7, L: SAIMAZOOM
PUNTERO_P_DECC			= 2BD9, L: SAIMAZOOM
PUNTERO_DECA			= 2BDB, L: SAIMAZOOM
PUNTERO_DECB			= 2BDD, L: SAIMAZOOM
PUNTERO_DECC			= 2BDF, L: SAIMAZOOM
PUNTERO_EFECTO			= 2BE1, L: SAIMAZOOM
REG_NOTA_A			= 2BE3, L: SAIMAZOOM
VOL_INST_A			= 2BE4, L: SAIMAZOOM
REG_NOTA_B			= 2BE5, L: SAIMAZOOM
VOL_INST_B			= 2BE6, L: SAIMAZOOM
REG_NOTA_C			= 2BE7, L: SAIMAZOOM
VOL_INST_C			= 2BE8, L: SAIMAZOOM
PUNTERO_L_DECA			= 2BE9, L: SAIMAZOOM
PUNTERO_L_DECB			= 2BEB, L: SAIMAZOOM
PUNTERO_L_DECC			= 2BED, L: SAIMAZOOM
PUNTERO_P			= 2BEF, L: SAIMAZOOM
CANAL_P				= 2BF1, L: SAIMAZOOM
PUNTERO_P_DECP			= 2BF3, L: SAIMAZOOM
PUNTERO_DECP			= 2BF5, L: SAIMAZOOM
PUNTERO_L_DECP			= 2BF7, L: SAIMAZOOM
SFX_L				= 2BF9, L: SAIMAZOOM
SFX_H				= 2BFB, L: SAIMAZOOM
SFX_V				= 2BFD, L: SAIMAZOOM
SFX_MIX				= 2BFF, L: SAIMAZOOM
N_SONIDO			= 2C01, L: SAIMAZOOM
PUNTERO_SONIDO			= 2C02, L: SAIMAZOOM
EFECTO_REGS			= 2C04, L: SAIMAZOOM
SONIDO_REGS			= 2C06, L: SAIMAZOOM
PSG_REG				= 2C08, L: SAIMAZOOM
PSG_REG_SEC			= 2C18, L: SAIMAZOOM
ENVOLVENTE			= 2C28, L: SAIMAZOOM
ENVOLVENTE_BACK			= 2C29, L: SAIMAZOOM
DATOS_NOTAS			= 2C2A, L: SAIMAZOOM
TABLA_SONG			= 2CA6, L: SAIMAZOOM
TABLA_EFECTOS			= 2CA8, L: SAIMAZOOM
_INIT				= 2CC2, G: SAIMAZOOM
_ISR				= 2CE1, L: SAIMAZOOM
_SKIP_AY_PLAYER			= 2D09, L: SAIMAZOOM
ISR_C1				= 2D0F, L: SAIMAZOOM
ISR_C2				= 2D10, L: SAIMAZOOM
ISR_DONE			= 2D11, L: SAIMAZOOM
SPRITE_CREATION			= 2D49, L: SAIMAZOOM
SP_SW_INIT_TURNOFF_LOOP		= 2DB4, L: SAIMAZOOM
_MAIN				= 2DC9, G: SAIMAZOOM
I_16				= 2DD6, L: SAIMAZOOM
I_18				= 2DDB, L: SAIMAZOOM
I_17				= 2E0E, L: SAIMAZOOM
I_19				= 2E3B, L: SAIMAZOOM
I_20				= 2E46, L: SAIMAZOOM
_ISR_PLAYER_ON			= 2E47, G: SAIMAZOOM
_EDIRECTION			= 2E48, G: SAIMAZOOM
__T				= 2E49, G: SAIMAZOOM
__X				= 2E4A, G: SAIMAZOOM
__Y				= 2E4B, G: SAIMAZOOM
_EX				= 2E4C, G: SAIMAZOOM
_EY				= 2E4D, G: SAIMAZOOM
_PX				= 2E4E, G: SAIMAZOOM
_PY				= 2E4F, G: SAIMAZOOM
_EATTEMPTS			= 2E50, G: SAIMAZOOM
_N_PANT				= 2E51, G: SAIMAZOOM
_PLAYING			= 2E52, G: SAIMAZOOM
_ESTATE				= 2E53, G: SAIMAZOOM
_GPIT				= 2E54, G: SAIMAZOOM
_PATTERN_LINE_CT		= 2E55, G: SAIMAZOOM
_PDIRECTION			= 2E56, G: SAIMAZOOM
_ECT				= 2E57, G: SAIMAZOOM
_EMX				= 2E58, G: SAIMAZOOM
_EMY				= 2E59, G: SAIMAZOOM
_RDA				= 2E5A, G: SAIMAZOOM
_RDB				= 2E5B, G: SAIMAZOOM
_RDC				= 2E5C, G: SAIMAZOOM
_ETX				= 2E5D, G: SAIMAZOOM
_ETY				= 2E5E, G: SAIMAZOOM
_PCT				= 2E5F, G: SAIMAZOOM
_PMX				= 2E60, G: SAIMAZOOM
_PMY				= 2E61, G: SAIMAZOOM
_PTX				= 2E62, G: SAIMAZOOM
_PTY				= 2E63, G: SAIMAZOOM
_RAM_DESTINATION		= 2E64, G: SAIMAZOOM
_PSTATE				= 2E66, G: SAIMAZOOM
_RAM_ADDRESS			= 2E67, G: SAIMAZOOM
CPC_INVALIDATERECT		= 2E69, G: CPC_INVALIDATERECT
CPC_INVALIDATERECT_P		= 2E71, L: CPC_INVALIDATERECT
NOINC1				= 2E97, L: CPC_INVALIDATERECT
INVCOLLP			= 2E9B, L: CPC_INVALIDATERECT
NOINC2				= 2EAA, L: CPC_INVALIDATERECT
INVFULLCHAR			= 2EAE, L: CPC_INVALIDATERECT
INVROWLP			= 2EB0, L: CPC_INVALIDATERECT
NOINC3				= 2EBB, L: CPC_INVALIDATERECT
CPC_BITLEFT2MASK		= 2EC9, G: CPC_BITLEFT2MASK
CPC_BITRIGHT2MASK		= 2ED1, G: CPC_BITRIGHT2MASK
CPC_PUTSPTILEMAP12X24CA		= 2ED9, G: CPC_PUTSPTILEMAP12X24CA
DO_UPDATE			= 2EF3, L: CPC_PUTSPTILEMAP12X24CA
ORIGIN_NEXT_ROW			= 2EFF, L: CPC_PUTSPTILEMAP12X24CA
ORIGIN_NEXT_ROW2		= 2F0D, L: CPC_PUTSPTILEMAP12X24CA
FIN				= 2F1A, L: CPC_PUTSPTILEMAP12X24CA
CPC_UPDTILETABLESAIMAZOOM	= 2F1B, G: CPC_UPDTILETABLE
CPC_UPDTILETABLECLP		= 2F2B, G: CPC_UPDTILETABLE
CPC_UPDTILETABLE		= 2F39, G: CPC_UPDTILETABLE
CPC_BIT2MASK			= 2F58, G: CPC_BIT2MASK
CPC_TBLLOOKUP			= 2F60, G: CPC_TBLLOOKUP
NOINC				= 2F65, L: CPC_TBLLOOKUP
CPC_PUTTRSP12X24TILEMAP2BGCA	= 2F67, G: CPC_PUTTRSP12X24TILEMAP2BGCA
TRANSFERIR_SPRITE		= 2F74, L: CPC_PUTTRSP12X24TILEMAP2BGCA
PASA_BLOQUE_A_SBUFFER		= 2F74, L: CPC_PUTTRSP12X24TILEMAP2BGCA
SP_BUFFER_MASK			= 2F85, L: CPC_PUTTRSP12X24TILEMAP2BGCA
LOOP_ALTO_MAP_SBUFFER		= 2F88, L: CPC_PUTTRSP12X24TILEMAP2BGCA
CPC_RESETTOUCHEDTILES		= 2FA9, G: CPC_RESETTOUCHEDTILES
CPC_SETCOLOUR			= 2FB7, G: CPC_SETCOLOUR
CPC_SETMODE			= 2FCA, G: CPC_SETMODE
CPC_SHOWTOUCHEDTILES		= 2FD4, G: CPC_SHOWTOUCHEDTILES
BUCLE_CPC_SHOWTOUCHEDTILES	= 2FDC, L: CPC_SHOWTOUCHEDTILES
PROCESS				= 2FE6, L: CPC_SHOWTOUCHEDTILES
SKIPALL				= 3012, L: CPC_SHOWTOUCHEDTILES
NOINCD				= 301A, L: CPC_SHOWTOUCHEDTILES
CHECKBIT			= 301E, L: CPC_SHOWTOUCHEDTILES
COPYTILE			= 3021, L: CPC_SHOWTOUCHEDTILES
POSICIONAR_SUPERBUFFER		= 3023, L: CPC_SHOWTOUCHEDTILES
POSICIONAR_PANTALLA		= 302C, L: CPC_SHOWTOUCHEDTILES
TRANSF_BLOQUE_SB_PANTALLA	= 303A, L: CPC_SHOWTOUCHEDTILES
COPYCELL_DONE			= 3078, L: CPC_SHOWTOUCHEDTILES
CHECKBIT_DONE			= 307A, L: CPC_SHOWTOUCHEDTILES
CPC_UPDSCR			= 307E, G: CPC_UPDSCR
MAIN_LOOP			= 308C, L: CPC_UPDSCR
_TILES_TOCADOS_PTR		= 30A1, L: CPC_UPDSCR
PROCESS_TOUCHED_BYTE		= 30A3, L: CPC_UPDSCR
BIT0_SKIP			= 30B4, L: CPC_UPDSCR
BIT1_SKIP			= 30BE, L: CPC_UPDSCR
BIT2_SKIP			= 30C8, L: CPC_UPDSCR
BIT3_SKIP			= 30D2, L: CPC_UPDSCR
BIT4_SKIP			= 30DC, L: CPC_UPDSCR
BIT5_SKIP			= 30E6, L: CPC_UPDSCR
BIT6_SKIP			= 30F0, L: CPC_UPDSCR
BIT7_SKIP			= 30FA, L: CPC_UPDSCR
UCOPYTILE			= 30FE, L: CPC_UPDSCR
TRANSFERIR_MAP_SBUFFER_GREY	= 310C, L: CPC_UPDSCR
SKEEP				= 3149, L: CPC_UPDSCR
L_AND				= 314D, G: L_AND
L_ASR_U				= 3154, G: L_ASR_U
L_ASR_U_1			= 3155, L: L_ASR_U
L_GINT				= 315E, G: L_GINT
