ATTR_DIRECT			= 45CC, L: SAIMAZOOM
BGICMODBC1			= 546E, L: SAIMAZOOM
BGICMODBC2			= 5470, L: SAIMAZOOM
BIT0_SKIP			= 5E0F, L: CPC_UPDSCR
BIT1_SKIP			= 5E19, L: CPC_UPDSCR
BIT2_SKIP			= 5E23, L: CPC_UPDSCR
BIT3_SKIP			= 5E2D, L: CPC_UPDSCR
BIT4_SKIP			= 5E37, L: CPC_UPDSCR
BIT5_SKIP			= 5E41, L: CPC_UPDSCR
BIT6_SKIP			= 5E4B, L: CPC_UPDSCR
BIT7_SKIP			= 5E55, L: CPC_UPDSCR
BO_L1				= 059F, L: SAIMAZOOM
BUCLE_CPC_SHOWTOUCHEDTILES	= 5CF9, L: CPC_SHOWTOUCHEDTILES
BUCLE_DIBUJADO_FONDO		= 5C7F, L: CPC_SHOWTILEMAP
CANAL_A				= 57D7, L: SAIMAZOOM
CANAL_B				= 57D9, L: SAIMAZOOM
CANAL_C				= 57DB, L: SAIMAZOOM
CANAL_P				= 5805, L: SAIMAZOOM
CARGA_CANCION			= 53B8, L: SAIMAZOOM
CHECKBIT			= 5D3B, L: CPC_SHOWTOUCHEDTILES
CHECKBIT_DONE			= 5D97, L: CPC_SHOWTOUCHEDTILES
CLEAR_PSG_BUFFER		= 5399, L: SAIMAZOOM
COMANDOS			= 5574, L: SAIMAZOOM
COM_EFECTO			= 55B9, L: SAIMAZOOM
COM_ENVOLVENTE			= 55C9, L: SAIMAZOOM
CONTADOR_TILES			= 5CBD, L: CPC_SHOWTILEMAP
CONTADOR_TILES2			= 5CBE, L: CPC_SHOWTILEMAP
CONT_ENV			= 5781, L: SAIMAZOOM
COPYCELL_DONE			= 5D95, L: CPC_SHOWTOUCHEDTILES
COPYTILE			= 5D3E, L: CPC_SHOWTOUCHEDTILES
CPC_BIT2MASK			= 5BDA, G: CPC_BIT2MASK
CPC_BITLEFT2MASK		= 5B26, G: CPC_BITLEFT2MASK
CPC_BITRIGHT2MASK		= 5B2E, G: CPC_BITRIGHT2MASK
CPC_INVALIDATERECT		= 5AC6, G: CPC_INVALIDATERECT
CPC_INVALIDATERECT_P		= 5ACE, L: CPC_INVALIDATERECT
CPC_KEYSDATA			= 5B36, G: CPC_KEYSDATA
CPC_PUTSP			= 5CD4, L: CPC_SHOWTILEMAP
CPC_PUTSPTILEMAP12X24CA		= 5B5B, G: CPC_PUTSPTILEMAP12X24CA
CPC_PUTTRSP12X24TILEMAP2BGCA	= 5BE9, G: CPC_PUTTRSP12X24TILEMAP2BGCA
CPC_RESETTOUCHEDTILES		= 5C2B, G: CPC_RESETTOUCHEDTILES
CPC_SETCOLOUR			= 5C39, G: CPC_SETCOLOUR
CPC_SETMODE			= 5C4C, G: CPC_SETMODE
CPC_SHOWTILEMAP			= 5C56, G: CPC_SHOWTILEMAP
CPC_SHOWTOUCHEDTILES		= 5CF1, G: CPC_SHOWTOUCHEDTILES
CPC_TBLLOOKUP			= 5BE2, G: CPC_TBLLOOKUP
CPC_TESTKEY			= 5D9B, G: CPC_TESTKEY
CPC_TESTKEYBOARD		= 5DB5, G: CPC_TESTKEYBOARD
CPC_UPDSCR			= 5DD9, G: CPC_UPDSCR
CPC_UPDTILETABLE		= 5BBB, G: CPC_UPDTILETABLE
CPC_UPDTILETABLECLP		= 5BAD, G: CPC_UPDTILETABLE
CPC_UPDTILETABLESAIMAZOOM	= 5B9D, G: CPC_UPDTILETABLE
CRTBC0				= 578B, L: SAIMAZOOM
DATOS_NOTAS			= 583E, L: SAIMAZOOM
DCBC0				= 54EB, L: SAIMAZOOM
DECODE_CANAL			= 5488, L: SAIMAZOOM
DECODE_SONG			= 53C1, L: SAIMAZOOM
DEPACK				= 37D4, L: SAIMAZOOM
DML_NOINCY			= 3F70, L: SAIMAZOOM
DO_UPDATE			= 5B75, L: CPC_PUTSPTILEMAP12X24CA
DRAW_MAP_DONE			= 3F7A, L: SAIMAZOOM
DRAW_MAP_LOOP			= 3F45, L: SAIMAZOOM
DRAW_TILE_DIRECT		= 3EA1, L: SAIMAZOOM
DRAW_TILE_DIRECT2		= 3EAB, L: SAIMAZOOM
DZX0S_COPY			= 37E6, L: SAIMAZOOM
DZX0S_ELIAS			= 3809, L: SAIMAZOOM
DZX0S_ELIAS_BACKTRACK		= 3811, L: SAIMAZOOM
DZX0S_ELIAS_LOOP		= 380A, L: SAIMAZOOM
DZX0S_ELIAS_SKIP		= 3810, L: SAIMAZOOM
DZX0S_LITERALS			= 37DB, L: SAIMAZOOM
DZX0S_NEW_OFFSET		= 37F0, L: SAIMAZOOM
DZX0_STANDARD			= 37D4, L: SAIMAZOOM
EATTR_DIRECT			= 45F9, L: SAIMAZOOM
EFECTO0				= 4E8D, L: SAIMAZOOM
EFECTO1				= 4F30, L: SAIMAZOOM
EFECTO10			= 5026, L: SAIMAZOOM
EFECTO11			= 5045, L: SAIMAZOOM
EFECTO12			= 5064, L: SAIMAZOOM
EFECTO2				= 4F4C, L: SAIMAZOOM
EFECTO3				= 4F5C, L: SAIMAZOOM
EFECTO4				= 4F6C, L: SAIMAZOOM
EFECTO5				= 4F7C, L: SAIMAZOOM
EFECTO6				= 4F9B, L: SAIMAZOOM
EFECTO7				= 4FBA, L: SAIMAZOOM
EFECTO8				= 4FD9, L: SAIMAZOOM
EFECTO9				= 4FE9, L: SAIMAZOOM
EFECTO_REGS			= 5818, L: SAIMAZOOM
ENVOLVENTE			= 583C, L: SAIMAZOOM
ENVOLVENTE_BACK			= 583D, L: SAIMAZOOM
EVOLVENTES			= 575E, L: SAIMAZOOM
EXT_WORD			= 57A9, L: SAIMAZOOM
FCA_CONT			= 5613, L: SAIMAZOOM
FIN				= 5B9C, L: CPC_PUTSPTILEMAP12X24CA
FIN_CANAL_A			= 5608, L: SAIMAZOOM
FIN_CANAL_P			= 569A, L: SAIMAZOOM
FIN_DEC_CANAL			= 54D9, L: SAIMAZOOM
FIN_NOPLAYER			= 5352, L: SAIMAZOOM
FIN_NOTA_A			= 55E8, L: SAIMAZOOM
FIN_NOTA_P			= 5682, L: SAIMAZOOM
FIN_RUTINA			= 5661, L: SAIMAZOOM
FIN_SONIDO			= 5349, L: SAIMAZOOM
FRECUENCIA_OFF			= 5778, L: SAIMAZOOM
GETLEN				= 54DE, L: SAIMAZOOM
INCREMENTO2			= 5CB0, L: CPC_SHOWTILEMAP
INICIA_EFECTO			= 5294, L: SAIMAZOOM
INICIA_SONIDO			= 5284, L: SAIMAZOOM
INICIO				= 526D, L: SAIMAZOOM
INIT_DECODER			= 5429, L: SAIMAZOOM
INTERR				= 57CD, L: SAIMAZOOM
INVALIDATE_TILE_DIRECT		= 3EE3, L: SAIMAZOOM
INVALIDATE_TILE_DIRECT2		= 3EEB, L: SAIMAZOOM
INVCOLLP			= 5AF8, L: CPC_INVALIDATERECT
INVFULLCHAR			= 5B0B, L: CPC_INVALIDATERECT
INVROWLP			= 5B0D, L: CPC_INVALIDATERECT
ISR_C1				= 5923, L: SAIMAZOOM
ISR_C2				= 5924, L: SAIMAZOOM
ISR_DONE			= 5925, L: SAIMAZOOM
I_100				= 4929, L: SAIMAZOOM
I_101				= 494A, L: SAIMAZOOM
I_102				= 495C, L: SAIMAZOOM
I_103				= 495C, L: SAIMAZOOM
I_104				= 4971, L: SAIMAZOOM
I_105				= 4983, L: SAIMAZOOM
I_106				= 4983, L: SAIMAZOOM
I_107				= 4997, L: SAIMAZOOM
I_108				= 49A3, L: SAIMAZOOM
I_110				= 4BEE, L: SAIMAZOOM
I_111				= 49A9, L: SAIMAZOOM
I_112				= 49C1, L: SAIMAZOOM
I_113				= 4A70, L: SAIMAZOOM
I_114				= 49D7, L: SAIMAZOOM
I_115				= 4A27, L: SAIMAZOOM
I_116				= 4A24, L: SAIMAZOOM
I_117				= 4A70, L: SAIMAZOOM
I_118				= 4A73, L: SAIMAZOOM
I_119				= 4A73, L: SAIMAZOOM
I_120				= 4A95, L: SAIMAZOOM
I_121				= 4AE7, L: SAIMAZOOM
I_122				= 4AE7, L: SAIMAZOOM
I_123				= 4ACB, L: SAIMAZOOM
I_124				= 4AEA, L: SAIMAZOOM
I_125				= 4B26, L: SAIMAZOOM
I_126				= 4B3B, L: SAIMAZOOM
I_127				= 4BDE, L: SAIMAZOOM
I_128				= 4BDE, L: SAIMAZOOM
I_129				= 4C35, L: SAIMAZOOM
I_130				= 4C5F, L: SAIMAZOOM
I_131				= 4CBB, L: SAIMAZOOM
I_132				= 4E8C, L: SAIMAZOOM
I_133				= 4CDE, L: SAIMAZOOM
I_134				= 4D2E, L: SAIMAZOOM
I_135				= 4E03, L: SAIMAZOOM
I_136				= 4E03, L: SAIMAZOOM
I_137				= 4DBF, L: SAIMAZOOM
I_138_I_137			= 4DC2, L: SAIMAZOOM
I_139				= 4DF9, L: SAIMAZOOM
I_140				= 4E03, L: SAIMAZOOM
I_141				= 4E25, L: SAIMAZOOM
I_142				= 4E3F, L: SAIMAZOOM
I_143				= 4E3F, L: SAIMAZOOM
I_144				= 4E65, L: SAIMAZOOM
I_145				= 4E89, L: SAIMAZOOM
I_146				= 4E89, L: SAIMAZOOM
I_147				= 59F3, L: SAIMAZOOM
I_148				= 59FC, L: SAIMAZOOM
I_17				= 3FFC, L: SAIMAZOOM
I_18				= 407D, L: SAIMAZOOM
I_19				= 4077, L: SAIMAZOOM
I_20				= 407A, L: SAIMAZOOM
I_21				= 40B5, L: SAIMAZOOM
I_22				= 40EE, L: SAIMAZOOM
I_23				= 4104, L: SAIMAZOOM
I_24				= 4134, L: SAIMAZOOM
I_25				= 411D, L: SAIMAZOOM
I_26				= 4131, L: SAIMAZOOM
I_28				= 4144, L: SAIMAZOOM
I_29				= 417B, L: SAIMAZOOM
I_30				= 4178, L: SAIMAZOOM
I_31				= 4174, L: SAIMAZOOM
I_32_I_31			= 4177, L: SAIMAZOOM
I_33				= 419A, L: SAIMAZOOM
I_34				= 4252, L: SAIMAZOOM
I_35				= 424F, L: SAIMAZOOM
I_36				= 41DE, L: SAIMAZOOM
I_37_I_36			= 41E1, L: SAIMAZOOM
I_38				= 4244, L: SAIMAZOOM
I_39				= 41FF, L: SAIMAZOOM
I_4				= 05C5, L: SAIMAZOOM
I_40				= 4244, L: SAIMAZOOM
I_41				= 4204, L: SAIMAZOOM
I_42				= 4241, L: SAIMAZOOM
I_43				= 4234, L: SAIMAZOOM
I_44_I_43			= 4237, L: SAIMAZOOM
I_45				= 424F, L: SAIMAZOOM
I_46				= 4296, L: SAIMAZOOM
I_47				= 42BA, L: SAIMAZOOM
I_48				= 429B, L: SAIMAZOOM
I_49				= 432F, L: SAIMAZOOM
I_5				= 05F3, L: SAIMAZOOM
I_50				= 4396, L: SAIMAZOOM
I_51				= 4334, L: SAIMAZOOM
I_52				= 4393, L: SAIMAZOOM
I_53				= 43BB, L: SAIMAZOOM
I_54				= 43F6, L: SAIMAZOOM
I_55				= 43C0, L: SAIMAZOOM
I_56				= 43F3, L: SAIMAZOOM
I_57				= 43EA, L: SAIMAZOOM
I_58_I_57			= 43ED, L: SAIMAZOOM
I_59				= 441C, L: SAIMAZOOM
I_60				= 4447, L: SAIMAZOOM
I_61				= 4421, L: SAIMAZOOM
I_62				= 44A9, L: SAIMAZOOM
I_63				= 44AC, L: SAIMAZOOM
I_64				= 44EB, L: SAIMAZOOM
I_65				= 451D, L: SAIMAZOOM
I_66				= 44F0, L: SAIMAZOOM
I_67				= 451A, L: SAIMAZOOM
I_68				= 4565, L: SAIMAZOOM
I_69				= 45C3, L: SAIMAZOOM
I_70				= 456A, L: SAIMAZOOM
I_71				= 45C0, L: SAIMAZOOM
I_72				= 467A, L: SAIMAZOOM
I_73				= 4665, L: SAIMAZOOM
I_74				= 4930, L: SAIMAZOOM
I_75				= 4930, L: SAIMAZOOM
I_76				= 473A, L: SAIMAZOOM
I_77				= 4929, L: SAIMAZOOM
I_78				= 47C7, L: SAIMAZOOM
I_79				= 4760, L: SAIMAZOOM
I_80_I_79			= 4763, L: SAIMAZOOM
I_81				= 47C4, L: SAIMAZOOM
I_82				= 4929, L: SAIMAZOOM
I_83				= 480B, L: SAIMAZOOM
I_84				= 47EE, L: SAIMAZOOM
I_85_I_84			= 47F1, L: SAIMAZOOM
I_86				= 4929, L: SAIMAZOOM
I_87				= 484F, L: SAIMAZOOM
I_88				= 4832, L: SAIMAZOOM
I_89_I_88			= 4835, L: SAIMAZOOM
I_90				= 4929, L: SAIMAZOOM
I_91				= 487F, L: SAIMAZOOM
I_92				= 4876, L: SAIMAZOOM
I_93_I_92			= 4879, L: SAIMAZOOM
I_94				= 4929, L: SAIMAZOOM
I_95				= 4923, L: SAIMAZOOM
I_96				= 4918, L: SAIMAZOOM
I_97				= 48C4, L: SAIMAZOOM
I_98				= 48DE, L: SAIMAZOOM
I_99				= 4920, L: SAIMAZOOM
KEYMAP0				= 5B36, L: CPC_KEYSDATA
LEJP0				= 5679, L: SAIMAZOOM
LNJP0				= 55DE, L: SAIMAZOOM
LOCALIZA_EFECTO			= 5662, L: SAIMAZOOM
LOCALIZA_NOTA			= 5567, L: SAIMAZOOM
LOOP_ALTO_2			= 5CD6, L: CPC_SHOWTILEMAP
LOOP_ALTO_MAP_SBUFFER		= 5CC6, L: CPC_SHOWTILEMAP
LOOP_ALTO_MAP_SBUFFER		= 5C0A, L: CPC_PUTTRSP12X24TILEMAP2BGCA
LOOP_ANCHO_MAP_SBUFFER		= 5CC6, L: CPC_SHOWTILEMAP
LOUT				= 5366, L: SAIMAZOOM
L_AND				= 5EA8, G: L_AND
L_ASL				= 5EAF, G: L_ASL
L_ASL1				= 5EB0, L: L_ASL
L_ASR_U				= 5EB6, G: L_ASR_U
L_ASR_U_1			= 5EB7, L: L_ASR_U
L_EQ				= 5EC0, G: L_EQ
L_GCHAR				= 5EC7, G: L_GCHAR
L_NE				= 5ECD, G: L_NE
L_OR				= 5ED4, G: L_OR
L_SXT				= 5EDB, G: L_SXT
L_SXT				= 5EC8, L: L_GCHAR
L_UGE				= 5EE0, G: L_UGE
L_ULE				= 5EE8, G: L_ULE
L_ULT				= 5EF0, G: L_ULT
L_XOR				= 5EF6, G: L_XOR
MAIN_LOOP			= 5DE7, L: CPC_UPDSCR
ML_MIN_FAPS_LOOP		= 4D31, L: SAIMAZOOM
ML_MIN_FAPS_LOOP_END		= 4D38, L: SAIMAZOOM
ND_END				= 3FF3, L: SAIMAZOOM
NI_END				= 3FD1, L: SAIMAZOOM
NOINC				= 5BE7, L: CPC_TBLLOOKUP
NOINC1				= 5AF4, L: CPC_INVALIDATERECT
NOINC2				= 5B07, L: CPC_INVALIDATERECT
NOINC3				= 5B18, L: CPC_INVALIDATERECT
NOINCD				= 5D37, L: CPC_SHOWTOUCHEDTILES
NOTA				= 5749, L: SAIMAZOOM
NO_BACKUP_ENVOLVENTE		= 5363, L: SAIMAZOOM
NO_DEC_TEMPO			= 5586, L: SAIMAZOOM
NO_ENVOLVENTE			= 54C1, L: SAIMAZOOM
NO_ENVOLVENTES_SONIDO		= 532F, L: SAIMAZOOM
NO_FIN_CANAL_A			= 5621, L: SAIMAZOOM
NO_FIN_CANAL_P			= 56A2, L: SAIMAZOOM
NO_INC_TEMPO			= 558B, L: SAIMAZOOM
NO_INSTRUMENTO			= 54B4, L: SAIMAZOOM
NO_MODIFICA			= 54CE, L: SAIMAZOOM
NO_PUNTILLO			= 54A1, L: SAIMAZOOM
NO_RUIDO			= 533C, L: SAIMAZOOM
NO_SILENCIO			= 5497, L: SAIMAZOOM
NO_SILENCIO_A			= 564F, L: SAIMAZOOM
NPTJP0				= 53DD, L: SAIMAZOOM
NUMBER_FILL			= 3FA6, L: SAIMAZOOM
N_SONIDO			= 5815, L: SAIMAZOOM
ORIGIN_NEXT_ROW			= 5B81, L: CPC_PUTSPTILEMAP12X24CA
ORIGIN_NEXT_ROW2		= 5B8F, L: CPC_PUTSPTILEMAP12X24CA
ORNMJP1				= 5733, L: SAIMAZOOM
ORNNEG				= 5715, L: SAIMAZOOM
PASA_BLOQUE_A_SBUFFER		= 5BF6, L: CPC_PUTTRSP12X24TILEMAP2BGCA
PAUTA				= 56A9, L: SAIMAZOOM
PAUTAS				= 553D, L: SAIMAZOOM
PAUTA_0				= 5097, L: SAIMAZOOM
PAUTA_1				= 50A2, L: SAIMAZOOM
PAUTA_2				= 50B5, L: SAIMAZOOM
PAUTA_3				= 50CA, L: SAIMAZOOM
PAUTA_4				= 50F1, L: SAIMAZOOM
PAUTA_5				= 50FC, L: SAIMAZOOM
PCAJP0				= 56C9, L: SAIMAZOOM
PCAJP1				= 56E0, L: SAIMAZOOM
PCAJP2				= 56F5, L: SAIMAZOOM
PCAJP3				= 5717, L: SAIMAZOOM
PCAJP4				= 56B5, L: SAIMAZOOM
PCAJP5				= 573B, L: SAIMAZOOM
PCAJP6				= 5727, L: SAIMAZOOM
PCAJP7				= 5745, L: SAIMAZOOM
PLAY				= 54F1, L: SAIMAZOOM
PLAYER_OFF			= 5395, L: SAIMAZOOM
POSICIONAR_PANTALLA		= 5D49, L: CPC_SHOWTOUCHEDTILES
POSICIONAR_SUPERBUFFER		= 5D40, L: CPC_SHOWTOUCHEDTILES
POSICIONES_PANTALLA		= 0406, G: TILEMAPCONF
POSICIONES_SUPER_BUFFER		= 0436, G: TILEMAPCONF
PRINT_NUMBER_INV		= 3F9B, L: SAIMAZOOM
PROCESS				= 5D03, L: CPC_SHOWTOUCHEDTILES
PROCESS_TOUCHED_BYTE		= 5DFE, L: CPC_UPDSCR
PSG_REG				= 581C, L: SAIMAZOOM
PSG_REG_SEC			= 582C, L: SAIMAZOOM
PULSADO				= 5DB2, L: CPC_TESTKEY
PUNTERO_A			= 57D1, L: SAIMAZOOM
PUNTERO_B			= 57D3, L: SAIMAZOOM
PUNTERO_C			= 57D5, L: SAIMAZOOM
PUNTERO_DECA			= 57EF, L: SAIMAZOOM
PUNTERO_DECB			= 57F1, L: SAIMAZOOM
PUNTERO_DECC			= 57F3, L: SAIMAZOOM
PUNTERO_DECP			= 5809, L: SAIMAZOOM
PUNTERO_EFECTO			= 57F5, L: SAIMAZOOM
PUNTERO_L_DECA			= 57FD, L: SAIMAZOOM
PUNTERO_L_DECB			= 57FF, L: SAIMAZOOM
PUNTERO_L_DECC			= 5801, L: SAIMAZOOM
PUNTERO_L_DECP			= 580B, L: SAIMAZOOM
PUNTERO_P			= 5803, L: SAIMAZOOM
PUNTERO_P_A			= 57DD, L: SAIMAZOOM
PUNTERO_P_A0			= 57E3, L: SAIMAZOOM
PUNTERO_P_B			= 57DF, L: SAIMAZOOM
PUNTERO_P_B0			= 57E5, L: SAIMAZOOM
PUNTERO_P_C			= 57E1, L: SAIMAZOOM
PUNTERO_P_C0			= 57E7, L: SAIMAZOOM
PUNTERO_P_DECA			= 57E9, L: SAIMAZOOM
PUNTERO_P_DECB			= 57EB, L: SAIMAZOOM
PUNTERO_P_DECC			= 57ED, L: SAIMAZOOM
PUNTERO_P_DECP			= 5807, L: SAIMAZOOM
PUNTERO_SONIDO			= 5816, L: SAIMAZOOM
REG_NOTA_A			= 57F7, L: SAIMAZOOM
REG_NOTA_B			= 57F9, L: SAIMAZOOM
REG_NOTA_C			= 57FB, L: SAIMAZOOM
REPRODUCE_EFECTO		= 52CE, L: SAIMAZOOM
REPRODUCE_EFECTO_LIMPIA_BIT	= 52E7, L: SAIMAZOOM
REPRODUCE_SONIDO		= 52AF, L: SAIMAZOOM
REPRODUCE_SONIDO_LIMPIA_BIT	= 52C8, L: SAIMAZOOM
REPRODUCE_SONIDO_O_EFECTO	= 52ED, L: SAIMAZOOM
ROUT				= 5359, L: SAIMAZOOM
SELECT_CANAL_A			= 57B8, L: SAIMAZOOM
SELECT_CANAL_B			= 57BF, L: SAIMAZOOM
SELECT_CANAL_C			= 57C6, L: SAIMAZOOM
SFX_H				= 580F, L: SAIMAZOOM
SFX_L				= 580D, L: SAIMAZOOM
SFX_MIX				= 5813, L: SAIMAZOOM
SFX_V				= 5811, L: SAIMAZOOM
SIG_LINEA_2			= 5CED, L: CPC_SHOWTILEMAP
SILENCIO_ENVOLVENTE		= 563C, L: SAIMAZOOM
SI_RUIDO			= 5342, L: SAIMAZOOM
SKEEP				= 5EA4, L: CPC_UPDSCR
SKIPALL				= 5D2F, L: CPC_SHOWTOUCHEDTILES
SOLOCOPIA			= 5C6B, L: CPC_SHOWTILEMAP
SONG				= 57CE, L: SAIMAZOOM
SONIDO0				= 5109, L: SAIMAZOOM
SONIDO1				= 5110, L: SAIMAZOOM
SONIDO2				= 5117, L: SAIMAZOOM
SONIDO3				= 511E, L: SAIMAZOOM
SONIDO_REGS			= 581A, L: SAIMAZOOM
SPRITE_CREATION			= 595D, L: SAIMAZOOM
SP_BUFFER_MASK			= 5C07, L: CPC_PUTTRSP12X24TILEMAP2BGCA
SP_SW_INIT_TURNOFF_LOOP		= 59C8, L: SAIMAZOOM
START				= 0400, L: CPC_CRT0
S_MARCO				= 3818, L: SAIMAZOOM
S_TITLE				= 3A14, L: SAIMAZOOM
TABLA_DATOS_CANAL_SFX		= 57B2, L: SAIMAZOOM
TABLA_EFECTOS			= 58BC, L: SAIMAZOOM
TABLA_NOTAS			= 5751, L: SAIMAZOOM
TABLA_PAUTAS			= 5083, L: SAIMAZOOM
TABLA_SONG			= 58BA, L: SAIMAZOOM
TABLA_SONIDOS			= 508F, L: SAIMAZOOM
TABLA_TECLAS0			= 5B42, G: CPC_KEYSDATA
TECLA_0				= 5B40, L: CPC_KEYSDATA
TEMPO				= 57CF, L: SAIMAZOOM
TILEMAPCONF			= 0406, G: TILEMAPCONF
TILES				= 1226, G: SAIMAZOOM
TRANSFERIR_MAP_SBUFFER		= 5CC0, L: CPC_SHOWTILEMAP
TRANSFERIR_MAP_SBUFFER_GREY	= 5E67, L: CPC_UPDSCR
TRANSFERIR_PANTALLA_A_SUPERBUFFER	= 5C78, L: CPC_SHOWTILEMAP
TRANSFERIR_SPRITE		= 5BF6, L: CPC_PUTTRSP12X24TILEMAP2BGCA
TRANSF_BLOQUE_SB_PANTALLA	= 5D57, L: CPC_SHOWTOUCHEDTILES
TTEMPO				= 57D0, L: SAIMAZOOM
UCOPYTILE			= 5E59, L: CPC_UPDSCR
VOL_INST_A			= 57F8, L: SAIMAZOOM
VOL_INST_B			= 57FA, L: SAIMAZOOM
VOL_INST_C			= 57FC, L: SAIMAZOOM
WRITEPSGHL			= 537E, L: SAIMAZOOM
WYZPLAYER_INIT			= 5254, L: SAIMAZOOM
WYZ_PLAYER_ISR			= 526D, L: SAIMAZOOM
_00_TITLE_MUS_BIN		= 5128, L: SAIMAZOOM
_01_INGAME_MUS_BIN		= 5197, L: SAIMAZOOM
_ATTR				= 45C4, G: SAIMAZOOM
_ATTR_1				= 45D4, L: SAIMAZOOM
_ATTR_1B			= 45DE, L: SAIMAZOOM
_BLACKOUT			= 0596, G: SAIMAZOOM
_CAVE_ROOM_NUMBERS		= 4140, G: SAIMAZOOM
_CERROJOS			= 5A4D, G: SAIMAZOOM
_CLEAR_TILE			= 3EF7, G: SAIMAZOOM
_CLEAR_TILES_ON_ENTER		= 455B, G: SAIMAZOOM
_COPY_KEYS_TO_EXTERN		= 4134, L: SAIMAZOOM
_CPC_BORDER			= 05B5, G: SAIMAZOOM
_CPC_SCREEN_UPDATE_DONE		= 40EE, L: SAIMAZOOM
_CPC_SCREEN_UPDATE_INV_LOOP	= 408C, L: SAIMAZOOM
_CPC_SCREEN_UPDATE_INV_RET	= 40AE, L: SAIMAZOOM
_CPC_SCREEN_UPDATE_UPD_BUFFER	= 40B5, L: SAIMAZOOM
_CPC_SCREEN_UPDATE_UPD_LOOP	= 40C6, L: SAIMAZOOM
_CPC_SCREEN_UPDATE_UPD_RET	= 40E9, L: SAIMAZOOM
_CPC_UPDATENOW			= 407E, G: SAIMAZOOM
_DEF_KEYS_JOY			= 047E, G: SAIMAZOOM
_DEF_KEYS_KBD			= 0466, G: SAIMAZOOM
_DRAW_INVENTORY			= 44AF, G: SAIMAZOOM
_DRAW_MAP			= 3F36, G: SAIMAZOOM
_DRAW_TILE			= 3E96, G: SAIMAZOOM
_DX				= 0612, G: SAIMAZOOM
_DY				= 0616, G: SAIMAZOOM
_EATTEMPTS			= 5A3A, G: SAIMAZOOM
_EATTR				= 45F1, G: SAIMAZOOM
_EATTR_1			= 4601, L: SAIMAZOOM
_ECT				= 5A4F, G: SAIMAZOOM
_EDIRECTION			= 5A00, G: SAIMAZOOM
_EMX				= 5A50, G: SAIMAZOOM
_EMY				= 5A51, G: SAIMAZOOM
_ESTATE				= 5A3F, G: SAIMAZOOM
_ESTEP				= 5A2C, G: SAIMAZOOM
_ETX				= 5A55, G: SAIMAZOOM
_ETY				= 5A56, G: SAIMAZOOM
_ETYPE				= 5A2D, G: SAIMAZOOM
_EX				= 5A32, G: SAIMAZOOM
_EY				= 5A33, G: SAIMAZOOM
_FIND_OBJECT_INDEX		= 4397, G: SAIMAZOOM
_FIND_RANDOM_CAVE_ROOM		= 417C, G: SAIMAZOOM
_FIND_RANDOM_NO_CAVE_ROOM	= 4144, G: SAIMAZOOM
_FLIP_FLOP			= 59FF, G: SAIMAZOOM
_GET_POINTER_TO_N_PANT_IN_HL	= 3F21, G: SAIMAZOOM
_GET_RANDOM_YX_IN_RDB		= 4194, G: SAIMAZOOM
_GPIT				= 5A3E, G: SAIMAZOOM
_GP_GEN				= 5A38, G: SAIMAZOOM
_HAS_ITEM			= 4458, G: SAIMAZOOM
_HAS_OBJECT			= 44E1, G: SAIMAZOOM
_INIT				= 58D6, G: SAIMAZOOM
_INIT_INVENTORY			= 43FA, G: SAIMAZOOM
_INIT_OBJECTS			= 42BB, G: SAIMAZOOM
_INIT_ROOM_OBJECTS		= 4325, G: SAIMAZOOM
_INVALIDATE_TILE		= 3EDB, G: SAIMAZOOM
_INVALIDATE_VIEWPORT		= 05F4, G: SAIMAZOOM
_INVENTORY			= 5A96, G: SAIMAZOOM
_INVENTORY_SHIFT		= 4409, G: SAIMAZOOM
_ISR				= 58F5, L: SAIMAZOOM
_ISR_PLAYER_ON			= 59FD, G: SAIMAZOOM
_MAIN				= 59E9, G: SAIMAZOOM
_MAIN_LOOP			= 4C60, G: SAIMAZOOM
_MAPA				= 21F4, G: SAIMAZOOM
_MENU				= 40F5, G: SAIMAZOOM
_MOVE_JONES			= 4621, G: SAIMAZOOM
_MOVE_MALOTE			= 49A4, G: SAIMAZOOM
_MY_INKS			= 0636, G: SAIMAZOOM
_NAMETABLE_ADDRESS		= 3E83, G: SAIMAZOOM
_NC				= 5A31, G: SAIMAZOOM
_NI				= 5A34, G: SAIMAZOOM
_NUMBER_ADD			= 3FF5, G: SAIMAZOOM
_NUMBER_DECREMENT		= 3FD3, G: SAIMAZOOM
_NUMBER_INCREMENT		= 3FB4, G: SAIMAZOOM
_NUMBER_RESET			= 3FA5, G: SAIMAZOOM
_NUMBER_SET			= 3FAE, G: SAIMAZOOM
_N_PANT				= 5A3B, G: SAIMAZOOM
_N_TIME				= 061A, G: SAIMAZOOM
_N_WATER			= 061E, G: SAIMAZOOM
_OBJECT_ID			= 5A6C, G: SAIMAZOOM
_OBJECT_N_PANT			= 5A01, G: SAIMAZOOM
_OBJECT_YX			= 5A9A, G: SAIMAZOOM
_OID				= 5A53, G: SAIMAZOOM
_O_PANT				= 5A3C, G: SAIMAZOOM
_PAL_SET			= 05BE, G: SAIMAZOOM
_PATTERN_LINE_CT		= 5A4B, G: SAIMAZOOM
_PCOOLDOWN			= 59FE, G: SAIMAZOOM
_PCT				= 5A59, G: SAIMAZOOM
_PDIRECTION			= 5A4C, G: SAIMAZOOM
_PERSIST			= 4521, G: SAIMAZOOM
_PERSISTENCE_N_PANT		= 5A5F, G: SAIMAZOOM
_PERSISTENCE_YX			= 5A40, G: SAIMAZOOM
_PFACING			= 5A2B, G: SAIMAZOOM
_PID				= 5A57, G: SAIMAZOOM
_PLACE_N_OBJECTS		= 428C, G: SAIMAZOOM
_PLACE_OBJECT_RDC		= 4253, G: SAIMAZOOM
_PLAYING			= 5A4A, G: SAIMAZOOM
_PMX				= 5A5B, G: SAIMAZOOM
_PMY				= 5A5C, G: SAIMAZOOM
_PRINT_NUMBER			= 3F7B, G: SAIMAZOOM
_PSTATE				= 5A6B, G: SAIMAZOOM
_PSTEP				= 5A37, G: SAIMAZOOM
_PTX				= 5A5D, G: SAIMAZOOM
_PTY				= 5A5E, G: SAIMAZOOM
_PX				= 5A35, G: SAIMAZOOM
_PY				= 5A36, G: SAIMAZOOM
_RAM_ADDRESS			= 5AC4, G: SAIMAZOOM
_RAM_DESTINATION		= 5A69, G: SAIMAZOOM
_RAND				= 0600, G: SAIMAZOOM
_RAND_LUT			= 0496, G: SAIMAZOOM
_RAND_LUT_INDEX			= 5A3D, G: SAIMAZOOM
_RDA				= 5A52, G: SAIMAZOOM
_RDB				= 5A54, G: SAIMAZOOM
_RDC				= 5A58, G: SAIMAZOOM
_RDM				= 5A5A, G: SAIMAZOOM
_SKIP_AY_PLAYER			= 591D, L: SAIMAZOOM
_SM_COX				= 1186, G: SAIMAZOOM
_SM_COY				= 119A, G: SAIMAZOOM
_SM_INVFUNC			= 11AE, G: SAIMAZOOM
_SM_SPRPTR			= 11FE, G: SAIMAZOOM
_SM_UPDFUNC			= 11D6, G: SAIMAZOOM
_SPRITES			= 0646, G: SAIMAZOOM
_SYNC_COODINATES		= 460C, G: SAIMAZOOM
_TILESET			= 1226, G: SAIMAZOOM
_TILES_TOCADOS_PTR		= 5DFC, L: CPC_UPDSCR
_TILE_BEHS			= 0622, G: SAIMAZOOM
_TMAPS				= 20E6, L: SAIMAZOOM
_UPDATE_SPRITES			= 4BEF, G: SAIMAZOOM
_WYZ_INIT			= 5220, G: SAIMAZOOM
_WYZ_PLAY_MUSIC			= 522B, G: SAIMAZOOM
_WYZ_PLAY_SOUND			= 5245, G: SAIMAZOOM
_WYZ_SONGS			= 521C, G: SAIMAZOOM
_WYZ_STOP_SOUND			= 524C, G: SAIMAZOOM
__T				= 5A2E, G: SAIMAZOOM
__X				= 5A2F, G: SAIMAZOOM
__Y				= 5A30, G: SAIMAZOOM


START				= 0400, L: CPC_CRT0
TILEMAPCONF			= 0406, G: TILEMAPCONF
POSICIONES_PANTALLA		= 0406, G: TILEMAPCONF
POSICIONES_SUPER_BUFFER		= 0436, G: TILEMAPCONF
_DEF_KEYS_KBD			= 0466, G: SAIMAZOOM
_DEF_KEYS_JOY			= 047E, G: SAIMAZOOM
_RAND_LUT			= 0496, G: SAIMAZOOM
_BLACKOUT			= 0596, G: SAIMAZOOM
BO_L1				= 059F, L: SAIMAZOOM
_CPC_BORDER			= 05B5, G: SAIMAZOOM
_PAL_SET			= 05BE, G: SAIMAZOOM
I_4				= 05C5, L: SAIMAZOOM
I_5				= 05F3, L: SAIMAZOOM
_INVALIDATE_VIEWPORT		= 05F4, G: SAIMAZOOM
_RAND				= 0600, G: SAIMAZOOM
_DX				= 0612, G: SAIMAZOOM
_DY				= 0616, G: SAIMAZOOM
_N_TIME				= 061A, G: SAIMAZOOM
_N_WATER			= 061E, G: SAIMAZOOM
_TILE_BEHS			= 0622, G: SAIMAZOOM
_MY_INKS			= 0636, G: SAIMAZOOM
_SPRITES			= 0646, G: SAIMAZOOM
_SM_COX				= 1186, G: SAIMAZOOM
_SM_COY				= 119A, G: SAIMAZOOM
_SM_INVFUNC			= 11AE, G: SAIMAZOOM
_SM_UPDFUNC			= 11D6, G: SAIMAZOOM
_SM_SPRPTR			= 11FE, G: SAIMAZOOM
_TILESET			= 1226, G: SAIMAZOOM
TILES				= 1226, G: SAIMAZOOM
_TMAPS				= 20E6, L: SAIMAZOOM
_MAPA				= 21F4, G: SAIMAZOOM
DZX0_STANDARD			= 37D4, L: SAIMAZOOM
DEPACK				= 37D4, L: SAIMAZOOM
DZX0S_LITERALS			= 37DB, L: SAIMAZOOM
DZX0S_COPY			= 37E6, L: SAIMAZOOM
DZX0S_NEW_OFFSET		= 37F0, L: SAIMAZOOM
DZX0S_ELIAS			= 3809, L: SAIMAZOOM
DZX0S_ELIAS_LOOP		= 380A, L: SAIMAZOOM
DZX0S_ELIAS_SKIP		= 3810, L: SAIMAZOOM
DZX0S_ELIAS_BACKTRACK		= 3811, L: SAIMAZOOM
S_MARCO				= 3818, L: SAIMAZOOM
S_TITLE				= 3A14, L: SAIMAZOOM
_NAMETABLE_ADDRESS		= 3E83, G: SAIMAZOOM
_DRAW_TILE			= 3E96, G: SAIMAZOOM
DRAW_TILE_DIRECT		= 3EA1, L: SAIMAZOOM
DRAW_TILE_DIRECT2		= 3EAB, L: SAIMAZOOM
_INVALIDATE_TILE		= 3EDB, G: SAIMAZOOM
INVALIDATE_TILE_DIRECT		= 3EE3, L: SAIMAZOOM
INVALIDATE_TILE_DIRECT2		= 3EEB, L: SAIMAZOOM
_CLEAR_TILE			= 3EF7, G: SAIMAZOOM
_GET_POINTER_TO_N_PANT_IN_HL	= 3F21, G: SAIMAZOOM
_DRAW_MAP			= 3F36, G: SAIMAZOOM
DRAW_MAP_LOOP			= 3F45, L: SAIMAZOOM
DML_NOINCY			= 3F70, L: SAIMAZOOM
DRAW_MAP_DONE			= 3F7A, L: SAIMAZOOM
_PRINT_NUMBER			= 3F7B, G: SAIMAZOOM
PRINT_NUMBER_INV		= 3F9B, L: SAIMAZOOM
_NUMBER_RESET			= 3FA5, G: SAIMAZOOM
NUMBER_FILL			= 3FA6, L: SAIMAZOOM
_NUMBER_SET			= 3FAE, G: SAIMAZOOM
_NUMBER_INCREMENT		= 3FB4, G: SAIMAZOOM
NI_END				= 3FD1, L: SAIMAZOOM
_NUMBER_DECREMENT		= 3FD3, G: SAIMAZOOM
ND_END				= 3FF3, L: SAIMAZOOM
_NUMBER_ADD			= 3FF5, G: SAIMAZOOM
I_17				= 3FFC, L: SAIMAZOOM
I_19				= 4077, L: SAIMAZOOM
I_20				= 407A, L: SAIMAZOOM
I_18				= 407D, L: SAIMAZOOM
_CPC_UPDATENOW			= 407E, G: SAIMAZOOM
_CPC_SCREEN_UPDATE_INV_LOOP	= 408C, L: SAIMAZOOM
_CPC_SCREEN_UPDATE_INV_RET	= 40AE, L: SAIMAZOOM
_CPC_SCREEN_UPDATE_UPD_BUFFER	= 40B5, L: SAIMAZOOM
I_21				= 40B5, L: SAIMAZOOM
_CPC_SCREEN_UPDATE_UPD_LOOP	= 40C6, L: SAIMAZOOM
_CPC_SCREEN_UPDATE_UPD_RET	= 40E9, L: SAIMAZOOM
I_22				= 40EE, L: SAIMAZOOM
_CPC_SCREEN_UPDATE_DONE		= 40EE, L: SAIMAZOOM
_MENU				= 40F5, G: SAIMAZOOM
I_23				= 4104, L: SAIMAZOOM
I_25				= 411D, L: SAIMAZOOM
I_26				= 4131, L: SAIMAZOOM
_COPY_KEYS_TO_EXTERN		= 4134, L: SAIMAZOOM
I_24				= 4134, L: SAIMAZOOM
_CAVE_ROOM_NUMBERS		= 4140, G: SAIMAZOOM
_FIND_RANDOM_NO_CAVE_ROOM	= 4144, G: SAIMAZOOM
I_28				= 4144, L: SAIMAZOOM
I_31				= 4174, L: SAIMAZOOM
I_32_I_31			= 4177, L: SAIMAZOOM
I_30				= 4178, L: SAIMAZOOM
I_29				= 417B, L: SAIMAZOOM
_FIND_RANDOM_CAVE_ROOM		= 417C, G: SAIMAZOOM
_GET_RANDOM_YX_IN_RDB		= 4194, G: SAIMAZOOM
I_33				= 419A, L: SAIMAZOOM
I_36				= 41DE, L: SAIMAZOOM
I_37_I_36			= 41E1, L: SAIMAZOOM
I_39				= 41FF, L: SAIMAZOOM
I_41				= 4204, L: SAIMAZOOM
I_43				= 4234, L: SAIMAZOOM
I_44_I_43			= 4237, L: SAIMAZOOM
I_42				= 4241, L: SAIMAZOOM
I_40				= 4244, L: SAIMAZOOM
I_38				= 4244, L: SAIMAZOOM
I_45				= 424F, L: SAIMAZOOM
I_35				= 424F, L: SAIMAZOOM
I_34				= 4252, L: SAIMAZOOM
_PLACE_OBJECT_RDC		= 4253, G: SAIMAZOOM
_PLACE_N_OBJECTS		= 428C, G: SAIMAZOOM
I_46				= 4296, L: SAIMAZOOM
I_48				= 429B, L: SAIMAZOOM
I_47				= 42BA, L: SAIMAZOOM
_INIT_OBJECTS			= 42BB, G: SAIMAZOOM
_INIT_ROOM_OBJECTS		= 4325, G: SAIMAZOOM
I_49				= 432F, L: SAIMAZOOM
I_51				= 4334, L: SAIMAZOOM
I_52				= 4393, L: SAIMAZOOM
I_50				= 4396, L: SAIMAZOOM
_FIND_OBJECT_INDEX		= 4397, G: SAIMAZOOM
I_53				= 43BB, L: SAIMAZOOM
I_55				= 43C0, L: SAIMAZOOM
I_57				= 43EA, L: SAIMAZOOM
I_58_I_57			= 43ED, L: SAIMAZOOM
I_56				= 43F3, L: SAIMAZOOM
I_54				= 43F6, L: SAIMAZOOM
_INIT_INVENTORY			= 43FA, G: SAIMAZOOM
_INVENTORY_SHIFT		= 4409, G: SAIMAZOOM
I_59				= 441C, L: SAIMAZOOM
I_61				= 4421, L: SAIMAZOOM
I_60				= 4447, L: SAIMAZOOM
_HAS_ITEM			= 4458, G: SAIMAZOOM
I_62				= 44A9, L: SAIMAZOOM
I_63				= 44AC, L: SAIMAZOOM
_DRAW_INVENTORY			= 44AF, G: SAIMAZOOM
_HAS_OBJECT			= 44E1, G: SAIMAZOOM
I_64				= 44EB, L: SAIMAZOOM
I_66				= 44F0, L: SAIMAZOOM
I_67				= 451A, L: SAIMAZOOM
I_65				= 451D, L: SAIMAZOOM
_PERSIST			= 4521, G: SAIMAZOOM
_CLEAR_TILES_ON_ENTER		= 455B, G: SAIMAZOOM
I_68				= 4565, L: SAIMAZOOM
I_70				= 456A, L: SAIMAZOOM
I_71				= 45C0, L: SAIMAZOOM
I_69				= 45C3, L: SAIMAZOOM
_ATTR				= 45C4, G: SAIMAZOOM
ATTR_DIRECT			= 45CC, L: SAIMAZOOM
_ATTR_1				= 45D4, L: SAIMAZOOM
_ATTR_1B			= 45DE, L: SAIMAZOOM
_EATTR				= 45F1, G: SAIMAZOOM
EATTR_DIRECT			= 45F9, L: SAIMAZOOM
_EATTR_1			= 4601, L: SAIMAZOOM
_SYNC_COODINATES		= 460C, G: SAIMAZOOM
_MOVE_JONES			= 4621, G: SAIMAZOOM
I_73				= 4665, L: SAIMAZOOM
I_72				= 467A, L: SAIMAZOOM
I_76				= 473A, L: SAIMAZOOM
I_79				= 4760, L: SAIMAZOOM
I_80_I_79			= 4763, L: SAIMAZOOM
I_81				= 47C4, L: SAIMAZOOM
I_78				= 47C7, L: SAIMAZOOM
I_84				= 47EE, L: SAIMAZOOM
I_85_I_84			= 47F1, L: SAIMAZOOM
I_83				= 480B, L: SAIMAZOOM
I_88				= 4832, L: SAIMAZOOM
I_89_I_88			= 4835, L: SAIMAZOOM
I_87				= 484F, L: SAIMAZOOM
I_92				= 4876, L: SAIMAZOOM
I_93_I_92			= 4879, L: SAIMAZOOM
I_91				= 487F, L: SAIMAZOOM
I_97				= 48C4, L: SAIMAZOOM
I_98				= 48DE, L: SAIMAZOOM
I_96				= 4918, L: SAIMAZOOM
I_99				= 4920, L: SAIMAZOOM
I_95				= 4923, L: SAIMAZOOM
I_94				= 4929, L: SAIMAZOOM
I_90				= 4929, L: SAIMAZOOM
I_86				= 4929, L: SAIMAZOOM
I_77				= 4929, L: SAIMAZOOM
I_82				= 4929, L: SAIMAZOOM
I_100				= 4929, L: SAIMAZOOM
I_75				= 4930, L: SAIMAZOOM
I_74				= 4930, L: SAIMAZOOM
I_101				= 494A, L: SAIMAZOOM
I_103				= 495C, L: SAIMAZOOM
I_102				= 495C, L: SAIMAZOOM
I_104				= 4971, L: SAIMAZOOM
I_105				= 4983, L: SAIMAZOOM
I_106				= 4983, L: SAIMAZOOM
I_107				= 4997, L: SAIMAZOOM
I_108				= 49A3, L: SAIMAZOOM
_MOVE_MALOTE			= 49A4, G: SAIMAZOOM
I_111				= 49A9, L: SAIMAZOOM
I_112				= 49C1, L: SAIMAZOOM
I_114				= 49D7, L: SAIMAZOOM
I_116				= 4A24, L: SAIMAZOOM
I_115				= 4A27, L: SAIMAZOOM
I_117				= 4A70, L: SAIMAZOOM
I_113				= 4A70, L: SAIMAZOOM
I_118				= 4A73, L: SAIMAZOOM
I_119				= 4A73, L: SAIMAZOOM
I_120				= 4A95, L: SAIMAZOOM
I_123				= 4ACB, L: SAIMAZOOM
I_122				= 4AE7, L: SAIMAZOOM
I_121				= 4AE7, L: SAIMAZOOM
I_124				= 4AEA, L: SAIMAZOOM
I_125				= 4B26, L: SAIMAZOOM
I_126				= 4B3B, L: SAIMAZOOM
I_128				= 4BDE, L: SAIMAZOOM
I_127				= 4BDE, L: SAIMAZOOM
I_110				= 4BEE, L: SAIMAZOOM
_UPDATE_SPRITES			= 4BEF, G: SAIMAZOOM
I_129				= 4C35, L: SAIMAZOOM
I_130				= 4C5F, L: SAIMAZOOM
_MAIN_LOOP			= 4C60, G: SAIMAZOOM
I_131				= 4CBB, L: SAIMAZOOM
I_133				= 4CDE, L: SAIMAZOOM
I_134				= 4D2E, L: SAIMAZOOM
ML_MIN_FAPS_LOOP		= 4D31, L: SAIMAZOOM
ML_MIN_FAPS_LOOP_END		= 4D38, L: SAIMAZOOM
I_137				= 4DBF, L: SAIMAZOOM
I_138_I_137			= 4DC2, L: SAIMAZOOM
I_139				= 4DF9, L: SAIMAZOOM
I_140				= 4E03, L: SAIMAZOOM
I_136				= 4E03, L: SAIMAZOOM
I_135				= 4E03, L: SAIMAZOOM
I_141				= 4E25, L: SAIMAZOOM
I_142				= 4E3F, L: SAIMAZOOM
I_143				= 4E3F, L: SAIMAZOOM
I_144				= 4E65, L: SAIMAZOOM
I_146				= 4E89, L: SAIMAZOOM
I_145				= 4E89, L: SAIMAZOOM
I_132				= 4E8C, L: SAIMAZOOM
EFECTO0				= 4E8D, L: SAIMAZOOM
EFECTO1				= 4F30, L: SAIMAZOOM
EFECTO2				= 4F4C, L: SAIMAZOOM
EFECTO3				= 4F5C, L: SAIMAZOOM
EFECTO4				= 4F6C, L: SAIMAZOOM
EFECTO5				= 4F7C, L: SAIMAZOOM
EFECTO6				= 4F9B, L: SAIMAZOOM
EFECTO7				= 4FBA, L: SAIMAZOOM
EFECTO8				= 4FD9, L: SAIMAZOOM
EFECTO9				= 4FE9, L: SAIMAZOOM
EFECTO10			= 5026, L: SAIMAZOOM
EFECTO11			= 5045, L: SAIMAZOOM
EFECTO12			= 5064, L: SAIMAZOOM
TABLA_PAUTAS			= 5083, L: SAIMAZOOM
TABLA_SONIDOS			= 508F, L: SAIMAZOOM
PAUTA_0				= 5097, L: SAIMAZOOM
PAUTA_1				= 50A2, L: SAIMAZOOM
PAUTA_2				= 50B5, L: SAIMAZOOM
PAUTA_3				= 50CA, L: SAIMAZOOM
PAUTA_4				= 50F1, L: SAIMAZOOM
PAUTA_5				= 50FC, L: SAIMAZOOM
SONIDO0				= 5109, L: SAIMAZOOM
SONIDO1				= 5110, L: SAIMAZOOM
SONIDO2				= 5117, L: SAIMAZOOM
SONIDO3				= 511E, L: SAIMAZOOM
_00_TITLE_MUS_BIN		= 5128, L: SAIMAZOOM
_01_INGAME_MUS_BIN		= 5197, L: SAIMAZOOM
_WYZ_SONGS			= 521C, G: SAIMAZOOM
_WYZ_INIT			= 5220, G: SAIMAZOOM
_WYZ_PLAY_MUSIC			= 522B, G: SAIMAZOOM
_WYZ_PLAY_SOUND			= 5245, G: SAIMAZOOM
_WYZ_STOP_SOUND			= 524C, G: SAIMAZOOM
WYZPLAYER_INIT			= 5254, L: SAIMAZOOM
WYZ_PLAYER_ISR			= 526D, L: SAIMAZOOM
INICIO				= 526D, L: SAIMAZOOM
INICIA_SONIDO			= 5284, L: SAIMAZOOM
INICIA_EFECTO			= 5294, L: SAIMAZOOM
REPRODUCE_SONIDO		= 52AF, L: SAIMAZOOM
REPRODUCE_SONIDO_LIMPIA_BIT	= 52C8, L: SAIMAZOOM
REPRODUCE_EFECTO		= 52CE, L: SAIMAZOOM
REPRODUCE_EFECTO_LIMPIA_BIT	= 52E7, L: SAIMAZOOM
REPRODUCE_SONIDO_O_EFECTO	= 52ED, L: SAIMAZOOM
NO_ENVOLVENTES_SONIDO		= 532F, L: SAIMAZOOM
NO_RUIDO			= 533C, L: SAIMAZOOM
SI_RUIDO			= 5342, L: SAIMAZOOM
FIN_SONIDO			= 5349, L: SAIMAZOOM
FIN_NOPLAYER			= 5352, L: SAIMAZOOM
ROUT				= 5359, L: SAIMAZOOM
NO_BACKUP_ENVOLVENTE		= 5363, L: SAIMAZOOM
LOUT				= 5366, L: SAIMAZOOM
WRITEPSGHL			= 537E, L: SAIMAZOOM
PLAYER_OFF			= 5395, L: SAIMAZOOM
CLEAR_PSG_BUFFER		= 5399, L: SAIMAZOOM
CARGA_CANCION			= 53B8, L: SAIMAZOOM
DECODE_SONG			= 53C1, L: SAIMAZOOM
NPTJP0				= 53DD, L: SAIMAZOOM
INIT_DECODER			= 5429, L: SAIMAZOOM
BGICMODBC1			= 546E, L: SAIMAZOOM
BGICMODBC2			= 5470, L: SAIMAZOOM
DECODE_CANAL			= 5488, L: SAIMAZOOM
NO_SILENCIO			= 5497, L: SAIMAZOOM
NO_PUNTILLO			= 54A1, L: SAIMAZOOM
NO_INSTRUMENTO			= 54B4, L: SAIMAZOOM
NO_ENVOLVENTE			= 54C1, L: SAIMAZOOM
NO_MODIFICA			= 54CE, L: SAIMAZOOM
FIN_DEC_CANAL			= 54D9, L: SAIMAZOOM
GETLEN				= 54DE, L: SAIMAZOOM
DCBC0				= 54EB, L: SAIMAZOOM
PLAY				= 54F1, L: SAIMAZOOM
PAUTAS				= 553D, L: SAIMAZOOM
LOCALIZA_NOTA			= 5567, L: SAIMAZOOM
COMANDOS			= 5574, L: SAIMAZOOM
NO_DEC_TEMPO			= 5586, L: SAIMAZOOM
NO_INC_TEMPO			= 558B, L: SAIMAZOOM
COM_EFECTO			= 55B9, L: SAIMAZOOM
COM_ENVOLVENTE			= 55C9, L: SAIMAZOOM
LNJP0				= 55DE, L: SAIMAZOOM
FIN_NOTA_A			= 55E8, L: SAIMAZOOM
FIN_CANAL_A			= 5608, L: SAIMAZOOM
FCA_CONT			= 5613, L: SAIMAZOOM
NO_FIN_CANAL_A			= 5621, L: SAIMAZOOM
SILENCIO_ENVOLVENTE		= 563C, L: SAIMAZOOM
NO_SILENCIO_A			= 564F, L: SAIMAZOOM
FIN_RUTINA			= 5661, L: SAIMAZOOM
LOCALIZA_EFECTO			= 5662, L: SAIMAZOOM
LEJP0				= 5679, L: SAIMAZOOM
FIN_NOTA_P			= 5682, L: SAIMAZOOM
FIN_CANAL_P			= 569A, L: SAIMAZOOM
NO_FIN_CANAL_P			= 56A2, L: SAIMAZOOM
PAUTA				= 56A9, L: SAIMAZOOM
PCAJP4				= 56B5, L: SAIMAZOOM
PCAJP0				= 56C9, L: SAIMAZOOM
PCAJP1				= 56E0, L: SAIMAZOOM
PCAJP2				= 56F5, L: SAIMAZOOM
ORNNEG				= 5715, L: SAIMAZOOM
PCAJP3				= 5717, L: SAIMAZOOM
PCAJP6				= 5727, L: SAIMAZOOM
ORNMJP1				= 5733, L: SAIMAZOOM
PCAJP5				= 573B, L: SAIMAZOOM
PCAJP7				= 5745, L: SAIMAZOOM
NOTA				= 5749, L: SAIMAZOOM
TABLA_NOTAS			= 5751, L: SAIMAZOOM
EVOLVENTES			= 575E, L: SAIMAZOOM
FRECUENCIA_OFF			= 5778, L: SAIMAZOOM
CONT_ENV			= 5781, L: SAIMAZOOM
CRTBC0				= 578B, L: SAIMAZOOM
EXT_WORD			= 57A9, L: SAIMAZOOM
TABLA_DATOS_CANAL_SFX		= 57B2, L: SAIMAZOOM
SELECT_CANAL_A			= 57B8, L: SAIMAZOOM
SELECT_CANAL_B			= 57BF, L: SAIMAZOOM
SELECT_CANAL_C			= 57C6, L: SAIMAZOOM
INTERR				= 57CD, L: SAIMAZOOM
SONG				= 57CE, L: SAIMAZOOM
TEMPO				= 57CF, L: SAIMAZOOM
TTEMPO				= 57D0, L: SAIMAZOOM
PUNTERO_A			= 57D1, L: SAIMAZOOM
PUNTERO_B			= 57D3, L: SAIMAZOOM
PUNTERO_C			= 57D5, L: SAIMAZOOM
CANAL_A				= 57D7, L: SAIMAZOOM
CANAL_B				= 57D9, L: SAIMAZOOM
CANAL_C				= 57DB, L: SAIMAZOOM
PUNTERO_P_A			= 57DD, L: SAIMAZOOM
PUNTERO_P_B			= 57DF, L: SAIMAZOOM
PUNTERO_P_C			= 57E1, L: SAIMAZOOM
PUNTERO_P_A0			= 57E3, L: SAIMAZOOM
PUNTERO_P_B0			= 57E5, L: SAIMAZOOM
PUNTERO_P_C0			= 57E7, L: SAIMAZOOM
PUNTERO_P_DECA			= 57E9, L: SAIMAZOOM
PUNTERO_P_DECB			= 57EB, L: SAIMAZOOM
PUNTERO_P_DECC			= 57ED, L: SAIMAZOOM
PUNTERO_DECA			= 57EF, L: SAIMAZOOM
PUNTERO_DECB			= 57F1, L: SAIMAZOOM
PUNTERO_DECC			= 57F3, L: SAIMAZOOM
PUNTERO_EFECTO			= 57F5, L: SAIMAZOOM
REG_NOTA_A			= 57F7, L: SAIMAZOOM
VOL_INST_A			= 57F8, L: SAIMAZOOM
REG_NOTA_B			= 57F9, L: SAIMAZOOM
VOL_INST_B			= 57FA, L: SAIMAZOOM
REG_NOTA_C			= 57FB, L: SAIMAZOOM
VOL_INST_C			= 57FC, L: SAIMAZOOM
PUNTERO_L_DECA			= 57FD, L: SAIMAZOOM
PUNTERO_L_DECB			= 57FF, L: SAIMAZOOM
PUNTERO_L_DECC			= 5801, L: SAIMAZOOM
PUNTERO_P			= 5803, L: SAIMAZOOM
CANAL_P				= 5805, L: SAIMAZOOM
PUNTERO_P_DECP			= 5807, L: SAIMAZOOM
PUNTERO_DECP			= 5809, L: SAIMAZOOM
PUNTERO_L_DECP			= 580B, L: SAIMAZOOM
SFX_L				= 580D, L: SAIMAZOOM
SFX_H				= 580F, L: SAIMAZOOM
SFX_V				= 5811, L: SAIMAZOOM
SFX_MIX				= 5813, L: SAIMAZOOM
N_SONIDO			= 5815, L: SAIMAZOOM
PUNTERO_SONIDO			= 5816, L: SAIMAZOOM
EFECTO_REGS			= 5818, L: SAIMAZOOM
SONIDO_REGS			= 581A, L: SAIMAZOOM
PSG_REG				= 581C, L: SAIMAZOOM
PSG_REG_SEC			= 582C, L: SAIMAZOOM
ENVOLVENTE			= 583C, L: SAIMAZOOM
ENVOLVENTE_BACK			= 583D, L: SAIMAZOOM
DATOS_NOTAS			= 583E, L: SAIMAZOOM
TABLA_SONG			= 58BA, L: SAIMAZOOM
TABLA_EFECTOS			= 58BC, L: SAIMAZOOM
_INIT				= 58D6, G: SAIMAZOOM
_ISR				= 58F5, L: SAIMAZOOM
_SKIP_AY_PLAYER			= 591D, L: SAIMAZOOM
ISR_C1				= 5923, L: SAIMAZOOM
ISR_C2				= 5924, L: SAIMAZOOM
ISR_DONE			= 5925, L: SAIMAZOOM
SPRITE_CREATION			= 595D, L: SAIMAZOOM
SP_SW_INIT_TURNOFF_LOOP		= 59C8, L: SAIMAZOOM
_MAIN				= 59E9, G: SAIMAZOOM
I_147				= 59F3, L: SAIMAZOOM
I_148				= 59FC, L: SAIMAZOOM
_ISR_PLAYER_ON			= 59FD, G: SAIMAZOOM
_PCOOLDOWN			= 59FE, G: SAIMAZOOM
_FLIP_FLOP			= 59FF, G: SAIMAZOOM
_EDIRECTION			= 5A00, G: SAIMAZOOM
_OBJECT_N_PANT			= 5A01, G: SAIMAZOOM
_PFACING			= 5A2B, G: SAIMAZOOM
_ESTEP				= 5A2C, G: SAIMAZOOM
_ETYPE				= 5A2D, G: SAIMAZOOM
__T				= 5A2E, G: SAIMAZOOM
__X				= 5A2F, G: SAIMAZOOM
__Y				= 5A30, G: SAIMAZOOM
_NC				= 5A31, G: SAIMAZOOM
_EX				= 5A32, G: SAIMAZOOM
_EY				= 5A33, G: SAIMAZOOM
_NI				= 5A34, G: SAIMAZOOM
_PX				= 5A35, G: SAIMAZOOM
_PY				= 5A36, G: SAIMAZOOM
_PSTEP				= 5A37, G: SAIMAZOOM
_GP_GEN				= 5A38, G: SAIMAZOOM
_EATTEMPTS			= 5A3A, G: SAIMAZOOM
_N_PANT				= 5A3B, G: SAIMAZOOM
_O_PANT				= 5A3C, G: SAIMAZOOM
_RAND_LUT_INDEX			= 5A3D, G: SAIMAZOOM
_GPIT				= 5A3E, G: SAIMAZOOM
_ESTATE				= 5A3F, G: SAIMAZOOM
_PERSISTENCE_YX			= 5A40, G: SAIMAZOOM
_PLAYING			= 5A4A, G: SAIMAZOOM
_PATTERN_LINE_CT		= 5A4B, G: SAIMAZOOM
_PDIRECTION			= 5A4C, G: SAIMAZOOM
_CERROJOS			= 5A4D, G: SAIMAZOOM
_ECT				= 5A4F, G: SAIMAZOOM
_EMX				= 5A50, G: SAIMAZOOM
_EMY				= 5A51, G: SAIMAZOOM
_RDA				= 5A52, G: SAIMAZOOM
_OID				= 5A53, G: SAIMAZOOM
_RDB				= 5A54, G: SAIMAZOOM
_ETX				= 5A55, G: SAIMAZOOM
_ETY				= 5A56, G: SAIMAZOOM
_PID				= 5A57, G: SAIMAZOOM
_RDC				= 5A58, G: SAIMAZOOM
_PCT				= 5A59, G: SAIMAZOOM
_RDM				= 5A5A, G: SAIMAZOOM
_PMX				= 5A5B, G: SAIMAZOOM
_PMY				= 5A5C, G: SAIMAZOOM
_PTX				= 5A5D, G: SAIMAZOOM
_PTY				= 5A5E, G: SAIMAZOOM
_PERSISTENCE_N_PANT		= 5A5F, G: SAIMAZOOM
_RAM_DESTINATION		= 5A69, G: SAIMAZOOM
_PSTATE				= 5A6B, G: SAIMAZOOM
_OBJECT_ID			= 5A6C, G: SAIMAZOOM
_INVENTORY			= 5A96, G: SAIMAZOOM
_OBJECT_YX			= 5A9A, G: SAIMAZOOM
_RAM_ADDRESS			= 5AC4, G: SAIMAZOOM
CPC_INVALIDATERECT		= 5AC6, G: CPC_INVALIDATERECT
CPC_INVALIDATERECT_P		= 5ACE, L: CPC_INVALIDATERECT
NOINC1				= 5AF4, L: CPC_INVALIDATERECT
INVCOLLP			= 5AF8, L: CPC_INVALIDATERECT
NOINC2				= 5B07, L: CPC_INVALIDATERECT
INVFULLCHAR			= 5B0B, L: CPC_INVALIDATERECT
INVROWLP			= 5B0D, L: CPC_INVALIDATERECT
NOINC3				= 5B18, L: CPC_INVALIDATERECT
CPC_BITLEFT2MASK		= 5B26, G: CPC_BITLEFT2MASK
CPC_BITRIGHT2MASK		= 5B2E, G: CPC_BITRIGHT2MASK
KEYMAP0				= 5B36, L: CPC_KEYSDATA
CPC_KEYSDATA			= 5B36, G: CPC_KEYSDATA
TECLA_0				= 5B40, L: CPC_KEYSDATA
TABLA_TECLAS0			= 5B42, G: CPC_KEYSDATA
CPC_PUTSPTILEMAP12X24CA		= 5B5B, G: CPC_PUTSPTILEMAP12X24CA
DO_UPDATE			= 5B75, L: CPC_PUTSPTILEMAP12X24CA
ORIGIN_NEXT_ROW			= 5B81, L: CPC_PUTSPTILEMAP12X24CA
ORIGIN_NEXT_ROW2		= 5B8F, L: CPC_PUTSPTILEMAP12X24CA
FIN				= 5B9C, L: CPC_PUTSPTILEMAP12X24CA
CPC_UPDTILETABLESAIMAZOOM	= 5B9D, G: CPC_UPDTILETABLE
CPC_UPDTILETABLECLP		= 5BAD, G: CPC_UPDTILETABLE
CPC_UPDTILETABLE		= 5BBB, G: CPC_UPDTILETABLE
CPC_BIT2MASK			= 5BDA, G: CPC_BIT2MASK
CPC_TBLLOOKUP			= 5BE2, G: CPC_TBLLOOKUP
NOINC				= 5BE7, L: CPC_TBLLOOKUP
CPC_PUTTRSP12X24TILEMAP2BGCA	= 5BE9, G: CPC_PUTTRSP12X24TILEMAP2BGCA
TRANSFERIR_SPRITE		= 5BF6, L: CPC_PUTTRSP12X24TILEMAP2BGCA
PASA_BLOQUE_A_SBUFFER		= 5BF6, L: CPC_PUTTRSP12X24TILEMAP2BGCA
SP_BUFFER_MASK			= 5C07, L: CPC_PUTTRSP12X24TILEMAP2BGCA
LOOP_ALTO_MAP_SBUFFER		= 5C0A, L: CPC_PUTTRSP12X24TILEMAP2BGCA
CPC_RESETTOUCHEDTILES		= 5C2B, G: CPC_RESETTOUCHEDTILES
CPC_SETCOLOUR			= 5C39, G: CPC_SETCOLOUR
CPC_SETMODE			= 5C4C, G: CPC_SETMODE
CPC_SHOWTILEMAP			= 5C56, G: CPC_SHOWTILEMAP
SOLOCOPIA			= 5C6B, L: CPC_SHOWTILEMAP
TRANSFERIR_PANTALLA_A_SUPERBUFFER	= 5C78, L: CPC_SHOWTILEMAP
BUCLE_DIBUJADO_FONDO		= 5C7F, L: CPC_SHOWTILEMAP
INCREMENTO2			= 5CB0, L: CPC_SHOWTILEMAP
CONTADOR_TILES			= 5CBD, L: CPC_SHOWTILEMAP
CONTADOR_TILES2			= 5CBE, L: CPC_SHOWTILEMAP
TRANSFERIR_MAP_SBUFFER		= 5CC0, L: CPC_SHOWTILEMAP
LOOP_ANCHO_MAP_SBUFFER		= 5CC6, L: CPC_SHOWTILEMAP
LOOP_ALTO_MAP_SBUFFER		= 5CC6, L: CPC_SHOWTILEMAP
CPC_PUTSP			= 5CD4, L: CPC_SHOWTILEMAP
LOOP_ALTO_2			= 5CD6, L: CPC_SHOWTILEMAP
SIG_LINEA_2			= 5CED, L: CPC_SHOWTILEMAP
CPC_SHOWTOUCHEDTILES		= 5CF1, G: CPC_SHOWTOUCHEDTILES
BUCLE_CPC_SHOWTOUCHEDTILES	= 5CF9, L: CPC_SHOWTOUCHEDTILES
PROCESS				= 5D03, L: CPC_SHOWTOUCHEDTILES
SKIPALL				= 5D2F, L: CPC_SHOWTOUCHEDTILES
NOINCD				= 5D37, L: CPC_SHOWTOUCHEDTILES
CHECKBIT			= 5D3B, L: CPC_SHOWTOUCHEDTILES
COPYTILE			= 5D3E, L: CPC_SHOWTOUCHEDTILES
POSICIONAR_SUPERBUFFER		= 5D40, L: CPC_SHOWTOUCHEDTILES
POSICIONAR_PANTALLA		= 5D49, L: CPC_SHOWTOUCHEDTILES
TRANSF_BLOQUE_SB_PANTALLA	= 5D57, L: CPC_SHOWTOUCHEDTILES
COPYCELL_DONE			= 5D95, L: CPC_SHOWTOUCHEDTILES
CHECKBIT_DONE			= 5D97, L: CPC_SHOWTOUCHEDTILES
CPC_TESTKEY			= 5D9B, G: CPC_TESTKEY
PULSADO				= 5DB2, L: CPC_TESTKEY
CPC_TESTKEYBOARD		= 5DB5, G: CPC_TESTKEYBOARD
CPC_UPDSCR			= 5DD9, G: CPC_UPDSCR
MAIN_LOOP			= 5DE7, L: CPC_UPDSCR
_TILES_TOCADOS_PTR		= 5DFC, L: CPC_UPDSCR
PROCESS_TOUCHED_BYTE		= 5DFE, L: CPC_UPDSCR
BIT0_SKIP			= 5E0F, L: CPC_UPDSCR
BIT1_SKIP			= 5E19, L: CPC_UPDSCR
BIT2_SKIP			= 5E23, L: CPC_UPDSCR
BIT3_SKIP			= 5E2D, L: CPC_UPDSCR
BIT4_SKIP			= 5E37, L: CPC_UPDSCR
BIT5_SKIP			= 5E41, L: CPC_UPDSCR
BIT6_SKIP			= 5E4B, L: CPC_UPDSCR
BIT7_SKIP			= 5E55, L: CPC_UPDSCR
UCOPYTILE			= 5E59, L: CPC_UPDSCR
TRANSFERIR_MAP_SBUFFER_GREY	= 5E67, L: CPC_UPDSCR
SKEEP				= 5EA4, L: CPC_UPDSCR
L_AND				= 5EA8, G: L_AND
L_ASL				= 5EAF, G: L_ASL
L_ASL1				= 5EB0, L: L_ASL
L_ASR_U				= 5EB6, G: L_ASR_U
L_ASR_U_1			= 5EB7, L: L_ASR_U
L_EQ				= 5EC0, G: L_EQ
L_GCHAR				= 5EC7, G: L_GCHAR
L_SXT				= 5EC8, L: L_GCHAR
L_NE				= 5ECD, G: L_NE
L_OR				= 5ED4, G: L_OR
L_SXT				= 5EDB, G: L_SXT
L_UGE				= 5EE0, G: L_UGE
L_ULE				= 5EE8, G: L_ULE
L_ULT				= 5EF0, G: L_ULT
L_XOR				= 5EF6, G: L_XOR
